Archive member included to satisfy reference by file (symbol)

/Applications/STM32CubeIDE.app/Contents/Eclipse/plugins/com.st.stm32cube.ide.mcu.externaltools.gnu-tools-for-stm32.14.3.rel1.macos64_1.0.100.202602081740/tools/bin/../lib/gcc/arm-none-eabi/14.3.1/../../../../arm-none-eabi/lib/thumb/v7e-m+fp/hard/libc_nano.a(libc_a-atof.o)
                              ./Core/Src/sensors/gps.o (atof)
/Applications/STM32CubeIDE.app/Contents/Eclipse/plugins/com.st.stm32cube.ide.mcu.externaltools.gnu-tools-for-stm32.14.3.rel1.macos64_1.0.100.202602081740/tools/bin/../lib/gcc/arm-none-eabi/14.3.1/../../../../arm-none-eabi/lib/thumb/v7e-m+fp/hard/libc_nano.a(libc_a-atoi.o)
                              ./Core/Src/sensors/gps.o (atoi)
/Applications/STM32CubeIDE.app/Contents/Eclipse/plugins/com.st.stm32cube.ide.mcu.externaltools.gnu-tools-for-stm32.14.3.rel1.macos64_1.0.100.202602081740/tools/bin/../lib/gcc/arm-none-eabi/14.3.1/../../../../arm-none-eabi/lib/thumb/v7e-m+fp/hard/libc_nano.a(libc_a-exit.o)
                              /Applications/STM32CubeIDE.app/Contents/Eclipse/plugins/com.st.stm32cube.ide.mcu.externaltools.gnu-tools-for-stm32.14.3.rel1.macos64_1.0.100.202602081740/tools/bin/../lib/gcc/arm-none-eabi/14.3.1/../../../../arm-none-eabi/lib/thumb/v7e-m+fp/hard/crt0.o (exit)
/Applications/STM32CubeIDE.app/Contents/Eclipse/plugins/com.st.stm32cube.ide.mcu.externaltools.gnu-tools-for-stm32.14.3.rel1.macos64_1.0.100.202602081740/tools/bin/../lib/gcc/arm-none-eabi/14.3.1/../../../../arm-none-eabi/lib/thumb/v7e-m+fp/hard/libc_nano.a(libc_a-nano-vfprintf_float.o)
                              (_printf_float)
/Applications/STM32CubeIDE.app/Contents/Eclipse/plugins/com.st.stm32cube.ide.mcu.externaltools.gnu-tools-for-stm32.14.3.rel1.macos64_1.0.100.202602081740/tools/bin/../lib/gcc/arm-none-eabi/14.3.1/../../../../arm-none-eabi/lib/thumb/v7e-m+fp/hard/libc_nano.a(libc_a-nano-vfprintf_i.o)
                              /Applications/STM32CubeIDE.app/Contents/Eclipse/plugins/com.st.stm32cube.ide.mcu.externaltools.gnu-tools-for-stm32.14.3.rel1.macos64_1.0.100.202602081740/tools/bin/../lib/gcc/arm-none-eabi/14.3.1/../../../../arm-none-eabi/lib/thumb/v7e-m+fp/hard/libc_nano.a(libc_a-nano-vfprintf_float.o) (_printf_common)
/Applications/STM32CubeIDE.app/Contents/Eclipse/plugins/com.st.stm32cube.ide.mcu.externaltools.gnu-tools-for-stm32.14.3.rel1.macos64_1.0.100.202602081740/tools/bin/../lib/gcc/arm-none-eabi/14.3.1/../../../../arm-none-eabi/lib/thumb/v7e-m+fp/hard/libc_nano.a(libc_a-snprintf.o)
                              ./Core/Src/common/formatter_data.o (snprintf)
/Applications/STM32CubeIDE.app/Contents/Eclipse/plugins/com.st.stm32cube.ide.mcu.externaltools.gnu-tools-for-stm32.14.3.rel1.macos64_1.0.100.202602081740/tools/bin/../lib/gcc/arm-none-eabi/14.3.1/../../../../arm-none-eabi/lib/thumb/v7e-m+fp/hard/libc_nano.a(libc_a-findfp.o)
                              ./Middlewares/Third_Party/FreeRTOS/Source/tasks.o (__sf)
/Applications/STM32CubeIDE.app/Contents/Eclipse/plugins/com.st.stm32cube.ide.mcu.externaltools.gnu-tools-for-stm32.14.3.rel1.macos64_1.0.100.202602081740/tools/bin/../lib/gcc/arm-none-eabi/14.3.1/../../../../arm-none-eabi/lib/thumb/v7e-m+fp/hard/libc_nano.a(libc_a-strtod.o)
                              /Applications/STM32CubeIDE.app/Contents/Eclipse/plugins/com.st.stm32cube.ide.mcu.externaltools.gnu-tools-for-stm32.14.3.rel1.macos64_1.0.100.202602081740/tools/bin/../lib/gcc/arm-none-eabi/14.3.1/../../../../arm-none-eabi/lib/thumb/v7e-m+fp/hard/libc_nano.a(libc_a-atof.o) (strtod)
/Applications/STM32CubeIDE.app/Contents/Eclipse/plugins/com.st.stm32cube.ide.mcu.externaltools.gnu-tools-for-stm32.14.3.rel1.macos64_1.0.100.202602081740/tools/bin/../lib/gcc/arm-none-eabi/14.3.1/../../../../arm-none-eabi/lib/thumb/v7e-m+fp/hard/libc_nano.a(libc_a-strtol.o)
                              /Applications/STM32CubeIDE.app/Contents/Eclipse/plugins/com.st.stm32cube.ide.mcu.externaltools.gnu-tools-for-stm32.14.3.rel1.macos64_1.0.100.202602081740/tools/bin/../lib/gcc/arm-none-eabi/14.3.1/../../../../arm-none-eabi/lib/thumb/v7e-m+fp/hard/libc_nano.a(libc_a-atoi.o) (_strtol_r)
/Applications/STM32CubeIDE.app/Contents/Eclipse/plugins/com.st.stm32cube.ide.mcu.externaltools.gnu-tools-for-stm32.14.3.rel1.macos64_1.0.100.202602081740/tools/bin/../lib/gcc/arm-none-eabi/14.3.1/../../../../arm-none-eabi/lib/thumb/v7e-m+fp/hard/libc_nano.a(libc_a-fwalk.o)
                              /Applications/STM32CubeIDE.app/Contents/Eclipse/plugins/com.st.stm32cube.ide.mcu.externaltools.gnu-tools-for-stm32.14.3.rel1.macos64_1.0.100.202602081740/tools/bin/../lib/gcc/arm-none-eabi/14.3.1/../../../../arm-none-eabi/lib/thumb/v7e-m+fp/hard/libc_nano.a(libc_a-findfp.o) (_fwalk_sglue)
[...]
Memory Configuration

Name             Origin             Length             Attributes
CCMRAM           0x10000000         0x00010000         xrw
RAM              0x20000000         0x00020000         xrw
FLASH            0x08000000         0x00100000         xr
*default*        0x00000000         0xffffffff

Linker script and memory map

LOAD /Applications/STM32CubeIDE.app/Contents/Eclipse/plugins/com.st.stm32cube.ide.mcu.externaltools.gnu-tools-for-stm32.14.3.rel1.macos64_1.0.100.202602081740/tools/bin/../lib/gcc/arm-none-eabi/14.3.1/thumb/v7e-m+fp/hard/crti.o
LOAD /Applications/STM32CubeIDE.app/Contents/Eclipse/plugins/com.st.stm32cube.ide.mcu.externaltools.gnu-tools-for-stm32.14.3.rel1.macos64_1.0.100.202602081740/tools/bin/../lib/gcc/arm-none-eabi/14.3.1/thumb/v7e-m+fp/hard/crtbegin.o
LOAD /Applications/STM32CubeIDE.app/Contents/Eclipse/plugins/com.st.stm32cube.ide.mcu.externaltools.gnu-tools-for-stm32.14.3.rel1.macos64_1.0.100.202602081740/tools/bin/../lib/gcc/arm-none-eabi/14.3.1/../../../../arm-none-eabi/lib/thumb/v7e-m+fp/hard/crt0.o
LOAD ./Core/Src/common/formatter_data.o
LOAD ./Core/Src/communication/wifi.o
LOAD ./Core/Src/dma.o
LOAD ./Core/Src/freertos.o
LOAD ./Core/Src/gpio.o
LOAD ./Core/Src/i2c.o
LOAD ./Core/Src/main.o
LOAD ./Core/Src/stm32f4xx_hal_msp.o
LOAD ./Core/Src/stm32f4xx_hal_timebase_tim.o
LOAD ./Core/Src/stm32f4xx_it.o
LOAD ./Core/Src/syscalls.o
LOAD ./Core/Src/sysmem.o
LOAD ./Core/Src/system_stm32f4xx.o
LOAD ./Core/Src/tim.o
LOAD ./Core/Src/usart.o
LOAD ./Core/Src/sensors/gps.o
LOAD ./Core/Src/sensors/sensor10DoF.o
LOAD ./Core/Startup/startup_stm32f407vgtx.o
LOAD ./Drivers/STM32F4xx_HAL_Driver/Src/stm32f4xx_hal.o
LOAD ./Drivers/STM32F4xx_HAL_Driver/Src/stm32f4xx_hal_cortex.o
LOAD ./Drivers/STM32F4xx_HAL_Driver/Src/stm32f4xx_hal_dma.o
LOAD ./Drivers/STM32F4xx_HAL_Driver/Src/stm32f4xx_hal_dma_ex.o
LOAD ./Drivers/STM32F4xx_HAL_Driver/Src/stm32f4xx_hal_exti.o
LOAD ./Drivers/STM32F4xx_HAL_Driver/Src/stm32f4xx_hal_flash.o
LOAD ./Drivers/STM32F4xx_HAL_Driver/Src/stm32f4xx_hal_flash_ex.o
LOAD ./Drivers/STM32F4xx_HAL_Driver/Src/stm32f4xx_hal_flash_ramfunc.o
LOAD ./Drivers/STM32F4xx_HAL_Driver/Src/stm32f4xx_hal_gpio.o
LOAD ./Drivers/STM32F4xx_HAL_Driver/Src/stm32f4xx_hal_i2c.o
LOAD ./Drivers/STM32F4xx_HAL_Driver/Src/stm32f4xx_hal_i2c_ex.o
LOAD ./Drivers/STM32F4xx_HAL_Driver/Src/stm32f4xx_hal_pwr.o
LOAD ./Drivers/STM32F4xx_HAL_Driver/Src/stm32f4xx_hal_pwr_ex.o
LOAD ./Drivers/STM32F4xx_HAL_Driver/Src/stm32f4xx_hal_rcc.o
LOAD ./Drivers/STM32F4xx_HAL_Driver/Src/stm32f4xx_hal_rcc_ex.o
LOAD ./Drivers/STM32F4xx_HAL_Driver/Src/stm32f4xx_hal_tim.o
LOAD ./Drivers/STM32F4xx_HAL_Driver/Src/stm32f4xx_hal_tim_ex.o
LOAD ./Drivers/STM32F4xx_HAL_Driver/Src/stm32f4xx_hal_uart.o
LOAD ./Middlewares/Third_Party/FreeRTOS/Source/CMSIS_RTOS_V2/cmsis_os2.o
LOAD ./Middlewares/Third_Party/FreeRTOS/Source/croutine.o
LOAD ./Middlewares/Third_Party/FreeRTOS/Source/event_groups.o
LOAD ./Middlewares/Third_Party/FreeRTOS/Source/list.o
LOAD ./Middlewares/Third_Party/FreeRTOS/Source/queue.o
LOAD ./Middlewares/Third_Party/FreeRTOS/Source/stream_buffer.o
LOAD ./Middlewares/Third_Party/FreeRTOS/Source/tasks.o
LOAD ./Middlewares/Third_Party/FreeRTOS/Source/timers.o
LOAD ./Middlewares/Third_Party/FreeRTOS/Source/portable/GCC/ARM_CM4F/port.o
LOAD ./Middlewares/Third_Party/FreeRTOS/Source/portable/MemMang/heap_4.o
START GROUP
LOAD /Applications/STM32CubeIDE.app/Contents/Eclipse/plugins/com.st.stm32cube.ide.mcu.externaltools.gnu-tools-for-stm32.14.3.rel1.macos64_1.0.100.202602081740/tools/bin/../lib/gcc/arm-none-eabi/14.3.1/../../../../arm-none-eabi/lib/thumb/v7e-m+fp/hard/libc_nano.a
LOAD /Applications/STM32CubeIDE.app/Contents/Eclipse/plugins/com.st.stm32cube.ide.mcu.externaltools.gnu-tools-for-stm32.14.3.rel1.macos64_1.0.100.202602081740/tools/bin/../lib/gcc/arm-none-eabi/14.3.1/../../../../arm-none-eabi/lib/thumb/v7e-m+fp/hard/libm.a
END GROUP
START GROUP
LOAD /Applications/STM32CubeIDE.app/Contents/Eclipse/plugins/com.st.stm32cube.ide.mcu.externaltools.gnu-tools-for-stm32.14.3.rel1.macos64_1.0.100.202602081740/tools/bin/../lib/gcc/arm-none-eabi/14.3.1/thumb/v7e-m+fp/hard/libgcc.a
LOAD /Applications/STM32CubeIDE.app/Contents/Eclipse/plugins/com.st.stm32cube.ide.mcu.externaltools.gnu-tools-for-stm32.14.3.rel1.macos64_1.0.100.202602081740/tools/bin/../lib/gcc/arm-none-eabi/14.3.1/../../../../arm-none-eabi/lib/thumb/v7e-m+fp/hard/libc_nano.a
END GROUP
START GROUP
LOAD /Applications/STM32CubeIDE.app/Contents/Eclipse/plugins/com.st.stm32cube.ide.mcu.externaltools.gnu-tools-for-stm32.14.3.rel1.macos64_1.0.100.202602081740/tools/bin/../lib/gcc/arm-none-eabi/14.3.1/thumb/v7e-m+fp/hard/libgcc.a
LOAD /Applications/STM32CubeIDE.app/Contents/Eclipse/plugins/com.st.stm32cube.ide.mcu.externaltools.gnu-tools-for-stm32.14.3.rel1.macos64_1.0.100.202602081740/tools/bin/../lib/gcc/arm-none-eabi/14.3.1/../../../../arm-none-eabi/lib/thumb/v7e-m+fp/hard/libc_nano.a
LOAD /Applications/STM32CubeIDE.app/Contents/Eclipse/plugins/com.st.stm32cube.ide.mcu.externaltools.gnu-tools-for-stm32.14.3.rel1.macos64_1.0.100.202602081740/tools/bin/../lib/gcc/arm-none-eabi/14.3.1/../../../../arm-none-eabi/lib/thumb/v7e-m+fp/hard/libnosys.a
END GROUP
START GROUP
LOAD /Applications/STM32CubeIDE.app/Contents/Eclipse/plugins/com.st.stm32cube.ide.mcu.externaltools.gnu-tools-for-stm32.14.3.rel1.macos64_1.0.100.202602081740/tools/bin/../lib/gcc/arm-none-eabi/14.3.1/thumb/v7e-m+fp/hard/libgcc.a
LOAD /Applications/STM32CubeIDE.app/Contents/Eclipse/plugins/com.st.stm32cube.ide.mcu.externaltools.gnu-tools-for-stm32.14.3.rel1.macos64_1.0.100.202602081740/tools/bin/../lib/gcc/arm-none-eabi/14.3.1/../../../../arm-none-eabi/lib/thumb/v7e-m+fp/hard/libc_nano.a
LOAD /Applications/STM32CubeIDE.app/Contents/Eclipse/plugins/com.st.stm32cube.ide.mcu.externaltools.gnu-tools-for-stm32.14.3.rel1.macos64_1.0.100.202602081740/tools/bin/../lib/gcc/arm-none-eabi/14.3.1/../../../../arm-none-eabi/lib/thumb/v7e-m+fp/hard/libnosys.a
END GROUP
LOAD /Applications/STM32CubeIDE.app/Contents/Eclipse/plugins/com.st.stm32cube.ide.mcu.externaltools.gnu-tools-for-stm32.14.3.rel1.macos64_1.0.100.202602081740/tools/bin/../lib/gcc/arm-none-eabi/14.3.1/thumb/v7e-m+fp/hard/crtend.o
LOAD /Applications/STM32CubeIDE.app/Contents/Eclipse/plugins/com.st.stm32cube.ide.mcu.externaltools.gnu-tools-for-stm32.14.3.rel1.macos64_1.0.100.202602081740/tools/bin/../lib/gcc/arm-none-eabi/14.3.1/thumb/v7e-m+fp/hard/crtn.o
                0x20020000                        _estack = (ORIGIN (RAM) + LENGTH (RAM))
                0x00000200                        _Min_Heap_Size = 0x200
                0x00000400                        _Min_Stack_Size = 0x400

.isr_vector     0x08000000      0x188
                0x08000000                        . = ALIGN (0x4)
 *(.isr_vector)
 .isr_vector    0x08000000      0x188 ./Core/Startup/startup_stm32f407vgtx.o
                0x08000000                g_pfnVectors
                0x08000188                        . = ALIGN (0x4)

.text           0x08000190    0x136d0
                0x08000190                        . = ALIGN (0x4)
 *(.text)
 .text          0x08000190       0x40 /Applications/STM32CubeIDE.app/Contents/Eclipse/plugins/com.st.stm32cube.ide.mcu.externaltools.gnu-tools-for-stm32.14.3.rel1.macos64_1.0.100.202602081740/tools/bin/../lib/gcc/arm-none-eabi/14.3.1/thumb/v7e-m+fp/hard/crtbegin.o
 .text          0x080001d0       0xa0 /Applications/STM32CubeIDE.app/Contents/Eclipse/plugins/com.st.stm32cube.ide.mcu.externaltools.gnu-tools-for-stm32.14.3.rel1.macos64_1.0.100.202602081740/tools/bin/../lib/gcc/arm-none-eabi/14.3.1/../../../../arm-none-eabi/lib/thumb/v7e-m+fp/hard/libc_nano.a(libc_a-memchr.o)
                0x080001d0                memchr
 .text          0x08000270       0x10 /Applications/STM32CubeIDE.app/Contents/Eclipse/plugins/com.st.stm32cube.ide.mcu.externaltools.gnu-tools-for-stm32.14.3.rel1.macos64_1.0.100.202602081740/tools/bin/../lib/gcc/arm-none-eabi/14.3.1/../../../../arm-none-eabi/lib/thumb/v7e-m+fp/hard/libc_nano.a(libc_a-strlen.o)
                0x08000270                strlen
 .text          0x08000280      0x378 /Applications/STM32CubeIDE.app/Contents/Eclipse/plugins/com.st.stm32cube.ide.mcu.externaltools.gnu-tools-for-stm32.14.3.rel1.macos64_1.0.100.202602081740/tools/bin/../lib/gcc/arm-none-eabi/14.3.1/thumb/v7e-m+fp/hard/libgcc.a(_arm_addsubdf3.o)
                0x08000280                __aeabi_drsub
                0x08000288                __subdf3
                0x08000288                __aeabi_dsub
                0x0800028c                __aeabi_dadd
                0x0800028c                __adddf3
                0x08000504                __aeabi_ui2d
                0x08000504                __floatunsidf
                0x08000524                __floatsidf
                0x08000524                __aeabi_i2d
                0x08000548                __extendsfdf2
                0x08000548                __aeabi_f2d
                0x0800058c                __aeabi_ul2d
                0x0800058c                __floatundidf
                0x0800059c                __aeabi_l2d
                0x0800059c                __floatdidf
 .text          0x080005f8      0x424 /Applications/STM32CubeIDE.app/Contents/Eclipse/plugins/com.st.stm32cube.ide.mcu.externaltools.gnu-tools-for-stm32.14.3.rel1.macos64_1.0.100.202602081740/tools/bin/../lib/gcc/arm-none-eabi/14.3.1/thumb/v7e-m+fp/hard/libgcc.a(_arm_muldivdf3.o)
                0x080005f8                __aeabi_dmul
                0x080005f8                __muldf3
                0x0800084c                __aeabi_ddiv
                0x0800084c                __divdf3
 .text          0x08000a1c      0x110 /Applications/STM32CubeIDE.app/Contents/Eclipse/plugins/com.st.stm32cube.ide.mcu.externaltools.gnu-tools-for-stm32.14.3.rel1.macos64_1.0.100.202602081740/tools/bin/../lib/gcc/arm-none-eabi/14.3.1/thumb/v7e-m+fp/hard/libgcc.a(_arm_cmpdf2.o)
                0x08000a1c                __gedf2
                0x08000a1c                __gtdf2
                0x08000a24                __ledf2
                0x08000a24                __ltdf2
                0x08000a2c                __cmpdf2
                0x08000a2c                __eqdf2
                0x08000a2c                __nedf2
                0x08000aa8                __aeabi_cdrcmple
                0x08000ab8                __aeabi_cdcmple
                0x08000ab8                __aeabi_cdcmpeq
                0x08000ac8                __aeabi_dcmpeq
                0x08000adc                __aeabi_dcmplt
                0x08000af0                __aeabi_dcmple
                0x08000b04                __aeabi_dcmpge
                0x08000b18                __aeabi_dcmpgt
 .text          0x08000b2c       0x2c /Applications/STM32CubeIDE.app/Contents/Eclipse/plugins/com.st.stm32cube.ide.mcu.externaltools.gnu-tools-for-stm32.14.3.rel1.macos64_1.0.100.202602081740/tools/bin/../lib/gcc/arm-none-eabi/14.3.1/thumb/v7e-m+fp/hard/libgcc.a(_arm_unorddf2.o)
                0x08000b2c                __aeabi_dcmpun
                0x08000b2c                __unorddf2
 .text          0x08000b58       0x50 /Applications/STM32CubeIDE.app/Contents/Eclipse/plugins/com.st.stm32cube.ide.mcu.externaltools.gnu-tools-for-stm32.14.3.rel1.macos64_1.0.100.202602081740/tools/bin/../lib/gcc/arm-none-eabi/14.3.1/thumb/v7e-m+fp/hard/libgcc.a(_arm_fixdfsi.o)
                0x08000b58                __fixdfsi
                0x08000b58                __aeabi_d2iz
 .text          0x08000ba8       0x40 /Applications/STM32CubeIDE.app/Contents/Eclipse/plugins/com.st.stm32cube.ide.mcu.externaltools.gnu-tools-for-stm32.14.3.rel1.macos64_1.0.100.202602081740/tools/bin/../lib/gcc/arm-none-eabi/14.3.1/thumb/v7e-m+fp/hard/libgcc.a(_arm_fixunsdfsi.o)
                0x08000ba8                __fixunsdfsi
                0x08000ba8                __aeabi_d2uiz
 .text          0x08000be8       0xa0 /Applications/STM32CubeIDE.app/Contents/Eclipse/plugins/com.st.stm32cube.ide.mcu.externaltools.gnu-tools-for-stm32.14.3.rel1.macos64_1.0.100.202602081740/tools/bin/../lib/gcc/arm-none-eabi/14.3.1/thumb/v7e-m+fp/hard/libgcc.a(_arm_truncdfsf2.o)
                0x08000be8                __aeabi_d2f
                0x08000be8                __truncdfsf2
 .text          0x08000c88       0x30 /Applications/STM32CubeIDE.app/Contents/Eclipse/plugins/com.st.stm32cube.ide.mcu.externaltools.gnu-tools-for-stm32.14.3.rel1.macos64_1.0.100.202602081740/tools/bin/../lib/gcc/arm-none-eabi/14.3.1/thumb/v7e-m+fp/hard/libgcc.a(_aeabi_uldivmod.o)
                0x08000c88                __aeabi_uldivmod
 .text          0x08000cb8       0x30 /Applications/STM32CubeIDE.app/Contents/Eclipse/plugins/com.st.stm32cube.ide.mcu.externaltools.gnu-tools-for-stm32.14.3.rel1.macos64_1.0.100.202602081740/tools/bin/../lib/gcc/arm-none-eabi/14.3.1/thumb/v7e-m+fp/hard/libgcc.a(_fixdfdi.o)
                0x08000cb8                __aeabi_d2lz
                0x08000cb8                __fixdfdi
 .text          0x08000ce8       0x3c /Applications/STM32CubeIDE.app/Contents/Eclipse/plugins/com.st.stm32cube.ide.mcu.externaltools.gnu-tools-for-stm32.14.3.rel1.macos64_1.0.100.202602081740/tools/bin/../lib/gcc/arm-none-eabi/14.3.1/thumb/v7e-m+fp/hard/libgcc.a(_fixunsdfdi.o)
                0x08000ce8                __aeabi_d2ulz
                0x08000ce8                __fixunsdfdi
 .text          0x08000d24      0x2f8 /Applications/STM32CubeIDE.app/Contents/Eclipse/plugins/com.st.stm32cube.ide.mcu.externaltools.gnu-tools-for-stm32.14.3.rel1.macos64_1.0.100.202602081740/tools/bin/../lib/gcc/arm-none-eabi/14.3.1/thumb/v7e-m+fp/hard/libgcc.a(_udivmoddi4.o)
                0x08000d24                __udivmoddi4
 .text          0x0800101c        0x4 /Applications/STM32CubeIDE.app/Contents/Eclipse/plugins/com.st.stm32cube.ide.mcu.externaltools.gnu-tools-for-stm32.14.3.rel1.macos64_1.0.100.202602081740/tools/bin/../lib/gcc/arm-none-eabi/14.3.1/thumb/v7e-m+fp/hard/libgcc.a(_dvmd_tls.o)
                0x0800101c                __aeabi_ldiv0
                0x0800101c                __aeabi_idiv0
 *(.text*)
 .text.ImuData_to_json
                0x08001020      0x16c ./Core/Src/common/formatter_data.o
                0x08001020                ImuData_to_json
 .text.EnvData_to_json
                0x0800118c       0x5c ./Core/Src/common/formatter_data.o
                0x0800118c                EnvData_to_json
 .text.GpsData_to_json
                0x080011e8       0x40 ./Core/Src/common/formatter_data.o
                0x080011e8                GpsData_to_json
 .text.GpsDataPacket_Init
                0x08001228       0x26 ./Core/Src/common/formatter_data.o
                0x08001228                GpsDataPacket_Init
 .text.ImuDataPacket_Init
                0x0800124e       0x26 ./Core/Src/common/formatter_data.o
                0x0800124e                ImuDataPacket_Init
 .text.EnvDataPacket_Init
                0x08001274       0x26 ./Core/Src/common/formatter_data.o
                0x08001274                EnvDataPacket_Init
 *fill*         0x0800129a        0x2 
 .text.get_dma_write_index
                0x0800129c       0x20 ./Core/Src/communication/wifi.o
 .text.flush_ring_buffer
                0x080012bc       0x18 ./Core/Src/communication/wifi.o
 .text.search_in_ring_buffer
                0x080012d4       0xb0 ./Core/Src/communication/wifi.o
 .text.HAL_UART_TxCpltCallback
                0x08001384       0x38 ./Core/Src/communication/wifi.o
                0x08001384                HAL_UART_TxCpltCallback
 .text.wifi_send_cmd
                0x080013bc      0x104 ./Core/Src/communication/wifi.o
 .text.WIFI_Init
                0x080014c0       0xa0 ./Core/Src/communication/wifi.o
                0x080014c0                WIFI_Init
 .text.WIFI_Test
                0x08001560       0x20 ./Core/Src/communication/wifi.o
                0x08001560                WIFI_Test
 .text.WIFI_Reset
                0x08001580       0x28 ./Core/Src/communication/wifi.o
                0x08001580                WIFI_Reset
 .text.WIFI_SetStationMode
                0x080015a8       0x20 ./Core/Src/communication/wifi.o
                0x080015a8                WIFI_SetStationMode
 .text.WIFI_ConnectAP
                0x080015c8       0x78 ./Core/Src/communication/wifi.o
                0x080015c8                WIFI_ConnectAP
 .text.WIFI_MQTT_UserConfig
                0x08001640       0x48 ./Core/Src/communication/wifi.o
                0x08001640                WIFI_MQTT_UserConfig
 .text.WIFI_MQTT_Connect
                0x08001688       0x6c ./Core/Src/communication/wifi.o
                0x08001688                WIFI_MQTT_Connect
 .text.WIFI_MQTT_Publish
                0x080016f4       0x68 ./Core/Src/communication/wifi.o
                0x080016f4                WIFI_MQTT_Publish
 .text.WIFI_MQTT_Disconnect
                0x0800175c       0x30 ./Core/Src/communication/wifi.o
                0x0800175c                WIFI_MQTT_Disconnect
 .text.MX_DMA_Init
                0x0800178c       0x50 ./Core/Src/dma.o
                0x0800178c                MX_DMA_Init
 .text.StartImuTask
                0x080017dc       0x50 ./Core/Src/freertos.o
                0x080017dc                StartImuTask
 .text.StartGpsTask
                0x0800182c       0x74 ./Core/Src/freertos.o
                0x0800182c                StartGpsTask
 .text.StartPacketTask
                0x080018a0      0x1f8 ./Core/Src/freertos.o
                0x080018a0                StartPacketTask
 .text.StartWifiTask
                0x08001a98      0x1d4 ./Core/Src/freertos.o
                0x08001a98                StartWifiTask
 .text.MX_FREERTOS_Init
                0x08001c6c       0xa8 ./Core/Src/freertos.o
                0x08001c6c                MX_FREERTOS_Init
 .text.MX_GPIO_Init
                0x08001d14      0x298 ./Core/Src/gpio.o
                0x08001d14                MX_GPIO_Init
 .text.MX_I2C1_Init
                0x08001fac       0x5c ./Core/Src/i2c.o
                0x08001fac                MX_I2C1_Init
 .text.HAL_I2C_MspInit
                0x08002008       0xa0 ./Core/Src/i2c.o
                0x08002008                HAL_I2C_MspInit
 .text.HAL_I2C_MspDeInit
                0x080020a8       0x48 ./Core/Src/i2c.o
                0x080020a8                HAL_I2C_MspDeInit
 .text.HAL_UART_RxCpltCallback
                0x080020f0       0x24 ./Core/Src/main.o
                0x080020f0                HAL_UART_RxCpltCallback
 .text.HAL_UART_ErrorCallback
                0x08002114       0x38 ./Core/Src/main.o
                0x08002114                HAL_UART_ErrorCallback
 .text.main     0x0800214c       0x38 ./Core/Src/main.o
                0x0800214c                main
 .text.SystemClock_Config
                0x08002184       0xd4 ./Core/Src/main.o
                0x08002184                SystemClock_Config
 .text.HAL_TIM_PeriodElapsedCallback
                0x08002258       0x1e ./Core/Src/main.o
                0x08002258                HAL_TIM_PeriodElapsedCallback
 .text.Error_Handler
                0x08002276        0xc ./Core/Src/main.o
                0x08002276                Error_Handler
 *fill*         0x08002282        0x2 
 .text.HAL_MspInit
                0x08002284       0x58 ./Core/Src/stm32f4xx_hal_msp.o
                0x08002284                HAL_MspInit
 .text.HAL_InitTick
                0x080022dc       0xf8 ./Core/Src/stm32f4xx_hal_timebase_tim.o
                0x080022dc                HAL_InitTick
 .text.NMI_Handler
                0x080023d4        0x8 ./Core/Src/stm32f4xx_it.o
                0x080023d4                NMI_Handler
 .text.HardFault_Handler
                0x080023dc        0x8 ./Core/Src/stm32f4xx_it.o
                0x080023dc                HardFault_Handler
 .text.MemManage_Handler
                0x080023e4        0x8 ./Core/Src/stm32f4xx_it.o
                0x080023e4                MemManage_Handler
 .text.BusFault_Handler
                0x080023ec        0x8 ./Core/Src/stm32f4xx_it.o
                0x080023ec                BusFault_Handler
 .text.UsageFault_Handler
                0x080023f4        0x8 ./Core/Src/stm32f4xx_it.o
                0x080023f4                UsageFault_Handler
 .text.DebugMon_Handler
                0x080023fc        0xe ./Core/Src/stm32f4xx_it.o
                0x080023fc                DebugMon_Handler
 *fill*         0x0800240a        0x2 
 .text.DMA1_Stream5_IRQHandler
                0x0800240c       0x14 ./Core/Src/stm32f4xx_it.o
                0x0800240c                DMA1_Stream5_IRQHandler
 .text.DMA1_Stream6_IRQHandler
                0x08002420       0x14 ./Core/Src/stm32f4xx_it.o
                0x08002420                DMA1_Stream6_IRQHandler
 .text.TIM1_UP_TIM10_IRQHandler
                0x08002434       0x14 ./Core/Src/stm32f4xx_it.o
                0x08002434                TIM1_UP_TIM10_IRQHandler
 .text.TIM2_IRQHandler
                0x08002448       0x14 ./Core/Src/stm32f4xx_it.o
                0x08002448                TIM2_IRQHandler
 .text.TIM3_IRQHandler
                0x0800245c       0x14 ./Core/Src/stm32f4xx_it.o
                0x0800245c                TIM3_IRQHandler
 .text.I2C1_EV_IRQHandler
                0x08002470       0x14 ./Core/Src/stm32f4xx_it.o
                0x08002470                I2C1_EV_IRQHandler
 .text.USART2_IRQHandler
                0x08002484       0x14 ./Core/Src/stm32f4xx_it.o
                0x08002484                USART2_IRQHandler
 .text.USART3_IRQHandler
                0x08002498       0x14 ./Core/Src/stm32f4xx_it.o
                0x08002498                USART3_IRQHandler
 .text._getpid  0x080024ac       0x10 ./Core/Src/syscalls.o
                0x080024ac                _getpid
 .text._kill    0x080024bc       0x20 ./Core/Src/syscalls.o
                0x080024bc                _kill
 .text._exit    0x080024dc       0x16 ./Core/Src/syscalls.o
                0x080024dc                _exit
 .text._read    0x080024f2       0x3a ./Core/Src/syscalls.o
                0x080024f2                _read
 .text._write   0x0800252c       0x38 ./Core/Src/syscalls.o
                0x0800252c                _write
 .text._close   0x08002564       0x18 ./Core/Src/syscalls.o
                0x08002564                _close
 .text._fstat   0x0800257c       0x20 ./Core/Src/syscalls.o
                0x0800257c                _fstat
 .text._isatty  0x0800259c       0x16 ./Core/Src/syscalls.o
                0x0800259c                _isatty
 .text._lseek   0x080025b2       0x1a ./Core/Src/syscalls.o
                0x080025b2                _lseek
 .text._sbrk    0x080025cc       0x6c ./Core/Src/sysmem.o
                0x080025cc                _sbrk
 .text.SystemInit
                0x08002638       0x24 ./Core/Src/system_stm32f4xx.o
                0x08002638                SystemInit
 .text.MX_TIM1_Init
                0x0800265c       0xa0 ./Core/Src/tim.o
                0x0800265c                MX_TIM1_Init
 .text.MX_TIM3_Init
                0x080026fc       0x9c ./Core/Src/tim.o
                0x080026fc                MX_TIM3_Init
 .text.HAL_TIM_Base_MspInit
                0x08002798       0x8c ./Core/Src/tim.o
                0x08002798                HAL_TIM_Base_MspInit
 .text.MX_USART2_UART_Init
                0x08002824       0x54 ./Core/Src/usart.o
                0x08002824                MX_USART2_UART_Init
 .text.MX_USART3_UART_Init
                0x08002878       0x54 ./Core/Src/usart.o
                0x08002878                MX_USART3_UART_Init
 .text.HAL_UART_MspInit
                0x080028cc      0x22c ./Core/Src/usart.o
                0x080028cc                HAL_UART_MspInit
 .text.gps_rx_push
                0x08002af8       0x5c ./Core/Src/sensors/gps.o
 .text.gps_rx_pop
                0x08002b54       0x64 ./Core/Src/sensors/gps.o
 .text.gps_nmea_to_decimal
                0x08002bb8       0xa4 ./Core/Src/sensors/gps.o
 .text.gps_parse_gga
                0x08002c5c      0x150 ./Core/Src/sensors/gps.o
 .text.gps_parse_rmc
                0x08002dac       0x78 ./Core/Src/sensors/gps.o
 .text.GPS_Init
                0x08002e24       0x4c ./Core/Src/sensors/gps.o
                0x08002e24                GPS_Init
 .text.GPS_UARTCallback
                0x08002e70       0x3c ./Core/Src/sensors/gps.o
                0x08002e70                GPS_UARTCallback
 .text.GPS_Process
                0x08002eac       0x9c ./Core/Src/sensors/gps.o
                0x08002eac                GPS_Process
 .text.GPS_GetData
                0x08002f48       0x2c ./Core/Src/sensors/gps.o
                0x08002f48                GPS_GetData
 .text.GPS_RestartReceive
                0x08002f74       0x20 ./Core/Src/sensors/gps.o
                0x08002f74                GPS_RestartReceive
 .text.I2C_Read
                0x08002f94       0x40 ./Core/Src/sensors/sensor10DoF.o
 .text.I2C_Write
                0x08002fd4       0x3c ./Core/Src/sensors/sensor10DoF.o
 .text.Sensor10DoF_I2CRecover
                0x08003010       0xa0 ./Core/Src/sensors/sensor10DoF.o
                0x08003010                Sensor10DoF_I2CRecover
 .text.ACC_Init
                0x080030b0       0x32 ./Core/Src/sensors/sensor10DoF.o
 .text.MAG_Init
                0x080030e2       0x46 ./Core/Src/sensors/sensor10DoF.o
 .text.GYR_Init
                0x08003128       0x32 ./Core/Src/sensors/sensor10DoF.o
 *fill*         0x0800315a        0x2 
 .text.BMP180_ReadCalibration
                0x0800315c      0x134 ./Core/Src/sensors/sensor10DoF.o
 .text.BMP180_ReadUT
                0x08003290       0x50 ./Core/Src/sensors/sensor10DoF.o
 .text.BMP180_ReadUP
                0x080032e0       0x58 ./Core/Src/sensors/sensor10DoF.o
 .text.Sensor10DoF_CalibrateGyro_Internal
                0x08003338      0x148 ./Core/Src/sensors/sensor10DoF.o
 .text.Sensor10DoF_Init
                0x08003480       0xb4 ./Core/Src/sensors/sensor10DoF.o
                0x08003480                Sensor10DoF_Init
 .text.Sensor10DoF_Read
                0x08003534      0x674 ./Core/Src/sensors/sensor10DoF.o
                0x08003534                Sensor10DoF_Read
 .text.Sensor10DoF_Reset
                0x08003ba8       0x10 ./Core/Src/sensors/sensor10DoF.o
                0x08003ba8                Sensor10DoF_Reset
 .text.Reset_Handler
                0x08003bb8       0x50 ./Core/Startup/startup_stm32f407vgtx.o
                0x08003bb8                Reset_Handler
 .text.Default_Handler
                0x08003c08        0x2 ./Core/Startup/startup_stm32f407vgtx.o
                0x08003c08                DMA1_Stream3_IRQHandler
                0x08003c08                HASH_RNG_IRQHandler
                0x08003c08                EXTI2_IRQHandler
                0x08003c08                TIM8_CC_IRQHandler
                0x08003c08                TIM1_CC_IRQHandler
                0x08003c08                DMA2_Stream5_IRQHandler
                0x08003c08                PVD_IRQHandler
                0x08003c08                SDIO_IRQHandler
                0x08003c08                TAMP_STAMP_IRQHandler
                0x08003c08                CAN2_RX1_IRQHandler
                0x08003c08                EXTI3_IRQHandler
                0x08003c08                TIM8_TRG_COM_TIM14_IRQHandler
                0x08003c08                TIM8_UP_TIM13_IRQHandler
                0x08003c08                I2C3_ER_IRQHandler
                0x08003c08                EXTI0_IRQHandler
                0x08003c08                I2C2_EV_IRQHandler
                0x08003c08                DMA1_Stream2_IRQHandler
                0x08003c08                CAN1_RX0_IRQHandler
                0x08003c08                FPU_IRQHandler
                0x08003c08                OTG_HS_WKUP_IRQHandler
                0x08003c08                CAN2_SCE_IRQHandler
                0x08003c08                DMA2_Stream2_IRQHandler
                0x08003c08                SPI1_IRQHandler
                0x08003c08                TIM6_DAC_IRQHandler
                0x08003c08                TIM1_BRK_TIM9_IRQHandler
                0x08003c08                DCMI_IRQHandler
                0x08003c08                CAN2_RX0_IRQHandler
                0x08003c08                DMA2_Stream3_IRQHandler
                0x08003c08                USART6_IRQHandler
                0x08003c08                CAN1_RX1_IRQHandler
                0x08003c08                UART5_IRQHandler
                0x08003c08                DMA2_Stream0_IRQHandler
                0x08003c08                TIM4_IRQHandler
                0x08003c08                DMA1_Stream1_IRQHandler
                0x08003c08                UART4_IRQHandler
                0x08003c08                RCC_IRQHandler
                0x08003c08                TIM8_BRK_TIM12_IRQHandler
                0x08003c08                Default_Handler
                0x08003c08                EXTI15_10_IRQHandler
                0x08003c08                ADC_IRQHandler
                0x08003c08                DMA1_Stream7_IRQHandler
                0x08003c08                TIM7_IRQHandler
                0x08003c08                CAN2_TX_IRQHandler
                0x08003c08                TIM5_IRQHandler
                0x08003c08                DMA2_Stream7_IRQHandler
                0x08003c08                I2C3_EV_IRQHandler
                0x08003c08                EXTI9_5_IRQHandler
                0x08003c08                RTC_WKUP_IRQHandler
                0x08003c08                ETH_WKUP_IRQHandler
                0x08003c08                SPI2_IRQHandler
                0x08003c08                OTG_HS_EP1_IN_IRQHandler
                0x08003c08                DMA1_Stream0_IRQHandler
                0x08003c08                CAN1_TX_IRQHandler
                0x08003c08                EXTI4_IRQHandler
                0x08003c08                FSMC_IRQHandler
                0x08003c08                ETH_IRQHandler
                0x08003c08                OTG_HS_EP1_OUT_IRQHandler
                0x08003c08                WWDG_IRQHandler
                0x08003c08                OTG_FS_WKUP_IRQHandler
                0x08003c08                TIM1_TRG_COM_TIM11_IRQHandler
                0x08003c08                OTG_HS_IRQHandler
                0x08003c08                EXTI1_IRQHandler
                0x08003c08                I2C2_ER_IRQHandler
                0x08003c08                DMA2_Stream1_IRQHandler
                0x08003c08                CAN1_SCE_IRQHandler
                0x08003c08                FLASH_IRQHandler
                0x08003c08                DMA2_Stream4_IRQHandler
                0x08003c08                USART1_IRQHandler
                0x08003c08                OTG_FS_IRQHandler
                0x08003c08                SPI3_IRQHandler
                0x08003c08                DMA1_Stream4_IRQHandler
                0x08003c08                I2C1_ER_IRQHandler
                0x08003c08                DMA2_Stream6_IRQHandler
                0x08003c08                RTC_Alarm_IRQHandler
 *fill*         0x08003c0a        0x2 
 .text.HAL_Init
                0x08003c0c       0x44 ./Drivers/STM32F4xx_HAL_Driver/Src/stm32f4xx_hal.o
                0x08003c0c                HAL_Init
 .text.HAL_IncTick
                0x08003c50       0x28 ./Drivers/STM32F4xx_HAL_Driver/Src/stm32f4xx_hal.o
                0x08003c50                HAL_IncTick
 .text.HAL_GetTick
                0x08003c78       0x18 ./Drivers/STM32F4xx_HAL_Driver/Src/stm32f4xx_hal.o
                0x08003c78                HAL_GetTick
 .text.HAL_Delay
                0x08003c90       0x48 ./Drivers/STM32F4xx_HAL_Driver/Src/stm32f4xx_hal.o
                0x08003c90                HAL_Delay
 .text.__NVIC_SetPriorityGrouping
                0x08003cd8       0x48 ./Drivers/STM32F4xx_HAL_Driver/Src/stm32f4xx_hal_cortex.o
 .text.__NVIC_GetPriorityGrouping
                0x08003d20       0x1c ./Drivers/STM32F4xx_HAL_Driver/Src/stm32f4xx_hal_cortex.o
 .text.__NVIC_EnableIRQ
                0x08003d3c       0x3c ./Drivers/STM32F4xx_HAL_Driver/Src/stm32f4xx_hal_cortex.o
 .text.__NVIC_DisableIRQ
                0x08003d78       0x48 ./Drivers/STM32F4xx_HAL_Driver/Src/stm32f4xx_hal_cortex.o
 .text.__NVIC_SetPriority
                0x08003dc0       0x54 ./Drivers/STM32F4xx_HAL_Driver/Src/stm32f4xx_hal_cortex.o
 .text.NVIC_EncodePriority
                0x08003e14       0x66 ./Drivers/STM32F4xx_HAL_Driver/Src/stm32f4xx_hal_cortex.o
 .text.HAL_NVIC_SetPriorityGrouping
                0x08003e7a       0x16 ./Drivers/STM32F4xx_HAL_Driver/Src/stm32f4xx_hal_cortex.o
                0x08003e7a                HAL_NVIC_SetPriorityGrouping
 .text.HAL_NVIC_SetPriority
                0x08003e90       0x38 ./Drivers/STM32F4xx_HAL_Driver/Src/stm32f4xx_hal_cortex.o
                0x08003e90                HAL_NVIC_SetPriority
 .text.HAL_NVIC_EnableIRQ
                0x08003ec8       0x1c ./Drivers/STM32F4xx_HAL_Driver/Src/stm32f4xx_hal_cortex.o
                0x08003ec8                HAL_NVIC_EnableIRQ
 .text.HAL_NVIC_DisableIRQ
                0x08003ee4       0x1c ./Drivers/STM32F4xx_HAL_Driver/Src/stm32f4xx_hal_cortex.o
                0x08003ee4                HAL_NVIC_DisableIRQ
 .text.HAL_DMA_Init
                0x08003f00      0x15c ./Drivers/STM32F4xx_HAL_Driver/Src/stm32f4xx_hal_dma.o
                0x08003f00                HAL_DMA_Init
 .text.HAL_DMA_Start_IT
                0x0800405c       0xb0 ./Drivers/STM32F4xx_HAL_Driver/Src/stm32f4xx_hal_dma.o
                0x0800405c                HAL_DMA_Start_IT
 .text.HAL_DMA_Abort
                0x0800410c       0xe0 ./Drivers/STM32F4xx_HAL_Driver/Src/stm32f4xx_hal_dma.o
                0x0800410c                HAL_DMA_Abort
 .text.HAL_DMA_Abort_IT
                0x080041ec       0x44 ./Drivers/STM32F4xx_HAL_Driver/Src/stm32f4xx_hal_dma.o
                0x080041ec                HAL_DMA_Abort_IT
 .text.HAL_DMA_IRQHandler
                0x08004230      0x314 ./Drivers/STM32F4xx_HAL_Driver/Src/stm32f4xx_hal_dma.o
                0x08004230                HAL_DMA_IRQHandler
 .text.HAL_DMA_GetState
                0x08004544       0x1c ./Drivers/STM32F4xx_HAL_Driver/Src/stm32f4xx_hal_dma.o
                0x08004544                HAL_DMA_GetState
 .text.HAL_DMA_GetError
                0x08004560       0x18 ./Drivers/STM32F4xx_HAL_Driver/Src/stm32f4xx_hal_dma.o
                0x08004560                HAL_DMA_GetError
 .text.DMA_SetConfig
                0x08004578       0x5c ./Drivers/STM32F4xx_HAL_Driver/Src/stm32f4xx_hal_dma.o
 .text.DMA_CalcBaseAndBitshift
                0x080045d4       0x6c ./Drivers/STM32F4xx_HAL_Driver/Src/stm32f4xx_hal_dma.o
 .text.DMA_CheckFifoParam
                0x08004640       0xf8 ./Drivers/STM32F4xx_HAL_Driver/Src/stm32f4xx_hal_dma.o
 .text.HAL_GPIO_Init
                0x08004738      0x338 ./Drivers/STM32F4xx_HAL_Driver/Src/stm32f4xx_hal_gpio.o
                0x08004738                HAL_GPIO_Init
 .text.HAL_GPIO_DeInit
                0x08004a70      0x1f8 ./Drivers/STM32F4xx_HAL_Driver/Src/stm32f4xx_hal_gpio.o
                0x08004a70                HAL_GPIO_DeInit
 .text.HAL_GPIO_WritePin
                0x08004c68       0x32 ./Drivers/STM32F4xx_HAL_Driver/Src/stm32f4xx_hal_gpio.o
                0x08004c68                HAL_GPIO_WritePin
 *fill*         0x08004c9a        0x2 
 .text.HAL_I2C_Init
                0x08004c9c      0x288 ./Drivers/STM32F4xx_HAL_Driver/Src/stm32f4xx_hal_i2c.o
                0x08004c9c                HAL_I2C_Init
 .text.HAL_I2C_DeInit
                0x08004f24       0x5e ./Drivers/STM32F4xx_HAL_Driver/Src/stm32f4xx_hal_i2c.o
                0x08004f24                HAL_I2C_DeInit
 .text.I2C_Flush_DR
                0x08004f82       0x2a ./Drivers/STM32F4xx_HAL_Driver/Src/stm32f4xx_hal_i2c.o
 .text.HAL_I2C_Mem_Write
                0x08004fac      0x1f4 ./Drivers/STM32F4xx_HAL_Driver/Src/stm32f4xx_hal_i2c.o
                0x08004fac                HAL_I2C_Mem_Write
 .text.HAL_I2C_Mem_Read
                0x080051a0      0x464 ./Drivers/STM32F4xx_HAL_Driver/Src/stm32f4xx_hal_i2c.o
                0x080051a0                HAL_I2C_Mem_Read
 .text.HAL_I2C_IsDeviceReady
                0x08005604      0x25c ./Drivers/STM32F4xx_HAL_Driver/Src/stm32f4xx_hal_i2c.o
                0x08005604                HAL_I2C_IsDeviceReady
 .text.HAL_I2C_EV_IRQHandler
                0x08005860      0x2e2 ./Drivers/STM32F4xx_HAL_Driver/Src/stm32f4xx_hal_i2c.o
                0x08005860                HAL_I2C_EV_IRQHandler
 .text.HAL_I2C_MasterTxCpltCallback
                0x08005b42       0x14 ./Drivers/STM32F4xx_HAL_Driver/Src/stm32f4xx_hal_i2c.o
                0x08005b42                HAL_I2C_MasterTxCpltCallback
 .text.HAL_I2C_MasterRxCpltCallback
                0x08005b56       0x14 ./Drivers/STM32F4xx_HAL_Driver/Src/stm32f4xx_hal_i2c.o
                0x08005b56                HAL_I2C_MasterRxCpltCallback
 .text.HAL_I2C_SlaveTxCpltCallback
                0x08005b6a       0x14 ./Drivers/STM32F4xx_HAL_Driver/Src/stm32f4xx_hal_i2c.o
                0x08005b6a                HAL_I2C_SlaveTxCpltCallback
 .text.HAL_I2C_SlaveRxCpltCallback
                0x08005b7e       0x14 ./Drivers/STM32F4xx_HAL_Driver/Src/stm32f4xx_hal_i2c.o
                0x08005b7e                HAL_I2C_SlaveRxCpltCallback
 .text.HAL_I2C_AddrCallback
                0x08005b92       0x1c ./Drivers/STM32F4xx_HAL_Driver/Src/stm32f4xx_hal_i2c.o
                0x08005b92                HAL_I2C_AddrCallback
 .text.HAL_I2C_ListenCpltCallback
                0x08005bae       0x14 ./Drivers/STM32F4xx_HAL_Driver/Src/stm32f4xx_hal_i2c.o
                0x08005bae                HAL_I2C_ListenCpltCallback
 .text.HAL_I2C_MemTxCpltCallback
                0x08005bc2       0x14 ./Drivers/STM32F4xx_HAL_Driver/Src/stm32f4xx_hal_i2c.o
                0x08005bc2                HAL_I2C_MemTxCpltCallback
 .text.HAL_I2C_MemRxCpltCallback
                0x08005bd6       0x14 ./Drivers/STM32F4xx_HAL_Driver/Src/stm32f4xx_hal_i2c.o
                0x08005bd6                HAL_I2C_MemRxCpltCallback
 .text.HAL_I2C_ErrorCallback
                0x08005bea       0x14 ./Drivers/STM32F4xx_HAL_Driver/Src/stm32f4xx_hal_i2c.o
                0x08005bea                HAL_I2C_ErrorCallback
 .text.HAL_I2C_AbortCpltCallback
                0x08005bfe       0x14 ./Drivers/STM32F4xx_HAL_Driver/Src/stm32f4xx_hal_i2c.o
                0x08005bfe                HAL_I2C_AbortCpltCallback
 .text.I2C_MasterTransmit_TXE
                0x08005c12      0x138 ./Drivers/STM32F4xx_HAL_Driver/Src/stm32f4xx_hal_i2c.o
 .text.I2C_MasterTransmit_BTF
                0x08005d4a       0xec ./Drivers/STM32F4xx_HAL_Driver/Src/stm32f4xx_hal_i2c.o
 .text.I2C_MemoryTransmit_TXE_BTF
                0x08005e36      0x130 ./Drivers/STM32F4xx_HAL_Driver/Src/stm32f4xx_hal_i2c.o
 .text.I2C_MasterReceive_RXNE
                0x08005f66      0x190 ./Drivers/STM32F4xx_HAL_Driver/Src/stm32f4xx_hal_i2c.o
 .text.I2C_MasterReceive_BTF
                0x080060f6      0x1e2 ./Drivers/STM32F4xx_HAL_Driver/Src/stm32f4xx_hal_i2c.o
 .text.I2C_Master_SB
                0x080062d8      0x10c ./Drivers/STM32F4xx_HAL_Driver/Src/stm32f4xx_hal_i2c.o
 .text.I2C_Master_ADD10
                0x080063e4       0x54 ./Drivers/STM32F4xx_HAL_Driver/Src/stm32f4xx_hal_i2c.o
 .text.I2C_Master_ADDR
                0x08006438      0x322 ./Drivers/STM32F4xx_HAL_Driver/Src/stm32f4xx_hal_i2c.o
 .text.I2C_SlaveTransmit_TXE
                0x0800675a       0x7a ./Drivers/STM32F4xx_HAL_Driver/Src/stm32f4xx_hal_i2c.o
 .text.I2C_SlaveTransmit_BTF
                0x080067d4       0x42 ./Drivers/STM32F4xx_HAL_Driver/Src/stm32f4xx_hal_i2c.o
 .text.I2C_SlaveReceive_RXNE
                0x08006816       0x7c ./Drivers/STM32F4xx_HAL_Driver/Src/stm32f4xx_hal_i2c.o
 .text.I2C_SlaveReceive_BTF
                0x08006892       0x44 ./Drivers/STM32F4xx_HAL_Driver/Src/stm32f4xx_hal_i2c.o
 .text.I2C_Slave_ADDR
                0x080068d6       0x94 ./Drivers/STM32F4xx_HAL_Driver/Src/stm32f4xx_hal_i2c.o
 *fill*         0x0800696a        0x2 
 .text.I2C_Slave_STOPF
                0x0800696c      0x260 ./Drivers/STM32F4xx_HAL_Driver/Src/stm32f4xx_hal_i2c.o
 .text.I2C_ITError
                0x08006bcc      0x264 ./Drivers/STM32F4xx_HAL_Driver/Src/stm32f4xx_hal_i2c.o
 .text.I2C_RequestMemoryWrite
                0x08006e30      0x12c ./Drivers/STM32F4xx_HAL_Driver/Src/stm32f4xx_hal_i2c.o
 .text.I2C_RequestMemoryRead
                0x08006f5c      0x1d0 ./Drivers/STM32F4xx_HAL_Driver/Src/stm32f4xx_hal_i2c.o
 .text.I2C_DMAAbort
                0x0800712c      0x150 ./Drivers/STM32F4xx_HAL_Driver/Src/stm32f4xx_hal_i2c.o
 .text.I2C_WaitOnFlagUntilTimeout
                0x0800727c       0xf4 ./Drivers/STM32F4xx_HAL_Driver/Src/stm32f4xx_hal_i2c.o
 .text.I2C_WaitOnMasterAddressFlagUntilTimeout
                0x08007370      0x140 ./Drivers/STM32F4xx_HAL_Driver/Src/stm32f4xx_hal_i2c.o
 .text.I2C_WaitOnTXEFlagUntilTimeout
                0x080074b0       0x90 ./Drivers/STM32F4xx_HAL_Driver/Src/stm32f4xx_hal_i2c.o
 .text.I2C_WaitOnBTFFlagUntilTimeout
                0x08007540       0x90 ./Drivers/STM32F4xx_HAL_Driver/Src/stm32f4xx_hal_i2c.o
 .text.I2C_WaitOnSTOPRequestThroughIT
                0x080075d0       0x64 ./Drivers/STM32F4xx_HAL_Driver/Src/stm32f4xx_hal_i2c.o
 .text.I2C_WaitOnRXNEFlagUntilTimeout
                0x08007634       0xba ./Drivers/STM32F4xx_HAL_Driver/Src/stm32f4xx_hal_i2c.o
 .text.I2C_IsAcknowledgeFailed
                0x080076ee       0x5e ./Drivers/STM32F4xx_HAL_Driver/Src/stm32f4xx_hal_i2c.o
 .text.I2C_ConvertOtherXferOptions
                0x0800774c       0x36 ./Drivers/STM32F4xx_HAL_Driver/Src/stm32f4xx_hal_i2c.o
 *fill*         0x08007782        0x2 
 .text.HAL_RCC_OscConfig
                0x08007784      0x4f0 ./Drivers/STM32F4xx_HAL_Driver/Src/stm32f4xx_hal_rcc.o
                0x08007784                HAL_RCC_OscConfig
 .text.HAL_RCC_ClockConfig
                0x08007c74      0x1cc ./Drivers/STM32F4xx_HAL_Driver/Src/stm32f4xx_hal_rcc.o
                0x08007c74                HAL_RCC_ClockConfig
 .text.HAL_RCC_GetSysClockFreq
                0x08007e40      0x20c ./Drivers/STM32F4xx_HAL_Driver/Src/stm32f4xx_hal_rcc.o
                0x08007e40                HAL_RCC_GetSysClockFreq
 .text.HAL_RCC_GetHCLKFreq
                0x0800804c       0x18 ./Drivers/STM32F4xx_HAL_Driver/Src/stm32f4xx_hal_rcc.o
                0x0800804c                HAL_RCC_GetHCLKFreq
 .text.HAL_RCC_GetPCLK1Freq
                0x08008064       0x28 ./Drivers/STM32F4xx_HAL_Driver/Src/stm32f4xx_hal_rcc.o
                0x08008064                HAL_RCC_GetPCLK1Freq
 .text.HAL_RCC_GetPCLK2Freq
                0x0800808c       0x28 ./Drivers/STM32F4xx_HAL_Driver/Src/stm32f4xx_hal_rcc.o
                0x0800808c                HAL_RCC_GetPCLK2Freq
 .text.HAL_RCC_GetClockConfig
                0x080080b4       0x64 ./Drivers/STM32F4xx_HAL_Driver/Src/stm32f4xx_hal_rcc.o
                0x080080b4                HAL_RCC_GetClockConfig
 .text.HAL_TIM_Base_Init
                0x08008118       0x9e ./Drivers/STM32F4xx_HAL_Driver/Src/stm32f4xx_hal_tim.o
                0x08008118                HAL_TIM_Base_Init
 *fill*         0x080081b6        0x2 
 .text.HAL_TIM_Base_Start_IT
                0x080081b8       0xe0 ./Drivers/STM32F4xx_HAL_Driver/Src/stm32f4xx_hal_tim.o
                0x080081b8                HAL_TIM_Base_Start_IT
 .text.HAL_TIM_IRQHandler
                0x08008298      0x1e0 ./Drivers/STM32F4xx_HAL_Driver/Src/stm32f4xx_hal_tim.o
                0x08008298                HAL_TIM_IRQHandler
 .text.HAL_TIM_ConfigClockSource
                0x08008478      0x18e ./Drivers/STM32F4xx_HAL_Driver/Src/stm32f4xx_hal_tim.o
                0x08008478                HAL_TIM_ConfigClockSource
 .text.HAL_TIM_OC_DelayElapsedCallback
                0x08008606       0x14 ./Drivers/STM32F4xx_HAL_Driver/Src/stm32f4xx_hal_tim.o
                0x08008606                HAL_TIM_OC_DelayElapsedCallback
 .text.HAL_TIM_IC_CaptureCallback
                0x0800861a       0x14 ./Drivers/STM32F4xx_HAL_Driver/Src/stm32f4xx_hal_tim.o
                0x0800861a                HAL_TIM_IC_CaptureCallback
 .text.HAL_TIM_PWM_PulseFinishedCallback
                0x0800862e       0x14 ./Drivers/STM32F4xx_HAL_Driver/Src/stm32f4xx_hal_tim.o
                0x0800862e                HAL_TIM_PWM_PulseFinishedCallback
 .text.HAL_TIM_TriggerCallback
                0x08008642       0x14 ./Drivers/STM32F4xx_HAL_Driver/Src/stm32f4xx_hal_tim.o
                0x08008642                HAL_TIM_TriggerCallback
 *fill*         0x08008656        0x2 
 .text.TIM_Base_SetConfig
                0x08008658      0x14c ./Drivers/STM32F4xx_HAL_Driver/Src/stm32f4xx_hal_tim.o
                0x08008658                TIM_Base_SetConfig
 .text.TIM_TI1_ConfigInputStage
                0x080087a4       0x5e ./Drivers/STM32F4xx_HAL_Driver/Src/stm32f4xx_hal_tim.o
 .text.TIM_TI2_ConfigInputStage
                0x08008802       0x60 ./Drivers/STM32F4xx_HAL_Driver/Src/stm32f4xx_hal_tim.o
 .text.TIM_ITRx_SetConfig
                0x08008862       0x36 ./Drivers/STM32F4xx_HAL_Driver/Src/stm32f4xx_hal_tim.o
 .text.TIM_ETR_SetConfig
                0x08008898       0x40 ./Drivers/STM32F4xx_HAL_Driver/Src/stm32f4xx_hal_tim.o
                0x08008898                TIM_ETR_SetConfig
 .text.HAL_TIMEx_MasterConfigSynchronization
                0x080088d8       0xf8 ./Drivers/STM32F4xx_HAL_Driver/Src/stm32f4xx_hal_tim_ex.o
                0x080088d8                HAL_TIMEx_MasterConfigSynchronization
 .text.HAL_TIMEx_CommutCallback
                0x080089d0       0x14 ./Drivers/STM32F4xx_HAL_Driver/Src/stm32f4xx_hal_tim_ex.o
                0x080089d0                HAL_TIMEx_CommutCallback
 .text.HAL_TIMEx_BreakCallback
                0x080089e4       0x14 ./Drivers/STM32F4xx_HAL_Driver/Src/stm32f4xx_hal_tim_ex.o
                0x080089e4                HAL_TIMEx_BreakCallback
 .text.HAL_UART_Init
                0x080089f8       0xa0 ./Drivers/STM32F4xx_HAL_Driver/Src/stm32f4xx_hal_uart.o
                0x080089f8                HAL_UART_Init
 .text.HAL_UART_Receive_IT
                0x08008a98       0x4a ./Drivers/STM32F4xx_HAL_Driver/Src/stm32f4xx_hal_uart.o
                0x08008a98                HAL_UART_Receive_IT
 *fill*         0x08008ae2        0x2 
 .text.HAL_UART_Transmit_DMA
                0x08008ae4       0xf8 ./Drivers/STM32F4xx_HAL_Driver/Src/stm32f4xx_hal_uart.o
                0x08008ae4                HAL_UART_Transmit_DMA
 .text.HAL_UART_Receive_DMA
                0x08008bdc       0x4a ./Drivers/STM32F4xx_HAL_Driver/Src/stm32f4xx_hal_uart.o
                0x08008bdc                HAL_UART_Receive_DMA
 .text.HAL_UART_AbortTransmit
                0x08008c26       0xd0 ./Drivers/STM32F4xx_HAL_Driver/Src/stm32f4xx_hal_uart.o
                0x08008c26                HAL_UART_AbortTransmit
 .text.HAL_UART_AbortReceive
                0x08008cf6      0x146 ./Drivers/STM32F4xx_HAL_Driver/Src/stm32f4xx_hal_uart.o
                0x08008cf6                HAL_UART_AbortReceive
 .text.HAL_UART_IRQHandler
                0x08008e3c      0x554 ./Drivers/STM32F4xx_HAL_Driver/Src/stm32f4xx_hal_uart.o
                0x08008e3c                HAL_UART_IRQHandler
 .text.HAL_UART_TxHalfCpltCallback
                0x08009390       0x14 ./Drivers/STM32F4xx_HAL_Driver/Src/stm32f4xx_hal_uart.o
                0x08009390                HAL_UART_TxHalfCpltCallback
 .text.HAL_UART_RxHalfCpltCallback
                0x080093a4       0x14 ./Drivers/STM32F4xx_HAL_Driver/Src/stm32f4xx_hal_uart.o
                0x080093a4                HAL_UART_RxHalfCpltCallback
 .text.HAL_UARTEx_RxEventCallback
                0x080093b8       0x18 ./Drivers/STM32F4xx_HAL_Driver/Src/stm32f4xx_hal_uart.o
                0x080093b8                HAL_UARTEx_RxEventCallback
 .text.UART_DMATransmitCplt
                0x080093d0       0x9a ./Drivers/STM32F4xx_HAL_Driver/Src/stm32f4xx_hal_uart.o
 .text.UART_DMATxHalfCplt
                0x0800946a       0x1c ./Drivers/STM32F4xx_HAL_Driver/Src/stm32f4xx_hal_uart.o
 .text.UART_DMAReceiveCplt
                0x08009486      0x12c ./Drivers/STM32F4xx_HAL_Driver/Src/stm32f4xx_hal_uart.o
 .text.UART_DMARxHalfCplt
                0x080095b2       0x3c ./Drivers/STM32F4xx_HAL_Driver/Src/stm32f4xx_hal_uart.o
 .text.UART_DMAError
                0x080095ee       0x94 ./Drivers/STM32F4xx_HAL_Driver/Src/stm32f4xx_hal_uart.o
 .text.UART_Start_Receive_IT
                0x08009682       0x74 ./Drivers/STM32F4xx_HAL_Driver/Src/stm32f4xx_hal_uart.o
                0x08009682                UART_Start_Receive_IT
 *fill*         0x080096f6        0x2 
 .text.UART_Start_Receive_DMA
                0x080096f8      0x14c ./Drivers/STM32F4xx_HAL_Driver/Src/stm32f4xx_hal_uart.o
                0x080096f8                UART_Start_Receive_DMA
 .text.UART_EndTxTransfer
                0x08009844       0x50 ./Drivers/STM32F4xx_HAL_Driver/Src/stm32f4xx_hal_uart.o
 .text.UART_EndRxTransfer
                0x08009894       0xc6 ./Drivers/STM32F4xx_HAL_Driver/Src/stm32f4xx_hal_uart.o
 .text.UART_DMAAbortOnError
                0x0800995a       0x22 ./Drivers/STM32F4xx_HAL_Driver/Src/stm32f4xx_hal_uart.o
 .text.UART_Transmit_IT
                0x0800997c       0xa0 ./Drivers/STM32F4xx_HAL_Driver/Src/stm32f4xx_hal_uart.o
 .text.UART_EndTransmit_IT
                0x08009a1c       0x30 ./Drivers/STM32F4xx_HAL_Driver/Src/stm32f4xx_hal_uart.o
 .text.UART_Receive_IT
                0x08009a4c      0x17c ./Drivers/STM32F4xx_HAL_Driver/Src/stm32f4xx_hal_uart.o
 .text.UART_SetConfig
                0x08009bc8      0x4e8 ./Drivers/STM32F4xx_HAL_Driver/Src/stm32f4xx_hal_uart.o
 .text.__NVIC_SetPriority
                0x0800a0b0       0x54 ./Middlewares/Third_Party/FreeRTOS/Source/CMSIS_RTOS_V2/cmsis_os2.o
 .text.SysTick_Handler
                0x0800a104       0x20 ./Middlewares/Third_Party/FreeRTOS/Source/CMSIS_RTOS_V2/cmsis_os2.o
                0x0800a104                SysTick_Handler
 .text.SVC_Setup
                0x0800a124       0x12 ./Middlewares/Third_Party/FreeRTOS/Source/CMSIS_RTOS_V2/cmsis_os2.o
 *fill*         0x0800a136        0x2 
 .text.osKernelInitialize
                0x0800a138       0x48 ./Middlewares/Third_Party/FreeRTOS/Source/CMSIS_RTOS_V2/cmsis_os2.o
                0x0800a138                osKernelInitialize
 .text.osKernelStart
                0x0800a180       0x4c ./Middlewares/Third_Party/FreeRTOS/Source/CMSIS_RTOS_V2/cmsis_os2.o
                0x0800a180                osKernelStart
 .text.osKernelGetTickCount
                0x0800a1cc       0x2a ./Middlewares/Third_Party/FreeRTOS/Source/CMSIS_RTOS_V2/cmsis_os2.o
                0x0800a1cc                osKernelGetTickCount
 .text.osThreadNew
                0x0800a1f6      0x124 ./Middlewares/Third_Party/FreeRTOS/Source/CMSIS_RTOS_V2/cmsis_os2.o
                0x0800a1f6                osThreadNew
 .text.osDelay  0x0800a31a       0x36 ./Middlewares/Third_Party/FreeRTOS/Source/CMSIS_RTOS_V2/cmsis_os2.o
                0x0800a31a                osDelay
 .text.osMutexNew
                0x0800a350      0x10c ./Middlewares/Third_Party/FreeRTOS/Source/CMSIS_RTOS_V2/cmsis_os2.o
                0x0800a350                osMutexNew
 .text.osMutexAcquire
                0x0800a45c       0x96 ./Middlewares/Third_Party/FreeRTOS/Source/CMSIS_RTOS_V2/cmsis_os2.o
                0x0800a45c                osMutexAcquire
 .text.osMutexRelease
                0x0800a4f2       0x7a ./Middlewares/Third_Party/FreeRTOS/Source/CMSIS_RTOS_V2/cmsis_os2.o
                0x0800a4f2                osMutexRelease
 .text.osSemaphoreNew
                0x0800a56c      0x112 ./Middlewares/Third_Party/FreeRTOS/Source/CMSIS_RTOS_V2/cmsis_os2.o
                0x0800a56c                osSemaphoreNew
 *fill*         0x0800a67e        0x2 
 .text.osSemaphoreAcquire
                0x0800a680       0xa4 ./Middlewares/Third_Party/FreeRTOS/Source/CMSIS_RTOS_V2/cmsis_os2.o
                0x0800a680                osSemaphoreAcquire
 .text.osSemaphoreRelease
                0x0800a724       0x88 ./Middlewares/Third_Party/FreeRTOS/Source/CMSIS_RTOS_V2/cmsis_os2.o
                0x0800a724                osSemaphoreRelease
 .text.vApplicationGetIdleTaskMemory
                0x0800a7ac       0x34 ./Middlewares/Third_Party/FreeRTOS/Source/CMSIS_RTOS_V2/cmsis_os2.o
                0x0800a7ac                vApplicationGetIdleTaskMemory
 .text.vApplicationGetTimerTaskMemory
                0x0800a7e0       0x34 ./Middlewares/Third_Party/FreeRTOS/Source/CMSIS_RTOS_V2/cmsis_os2.o
                0x0800a7e0                vApplicationGetTimerTaskMemory
 .text.vListInitialise
                0x0800a814       0x40 ./Middlewares/Third_Party/FreeRTOS/Source/list.o
                0x0800a814                vListInitialise
 .text.vListInitialiseItem
                0x0800a854       0x1a ./Middlewares/Third_Party/FreeRTOS/Source/list.o
                0x0800a854                vListInitialiseItem
 .text.vListInsertEnd
                0x0800a86e       0x48 ./Middlewares/Third_Party/FreeRTOS/Source/list.o
                0x0800a86e                vListInsertEnd
 .text.vListInsert
                0x0800a8b6       0x72 ./Middlewares/Third_Party/FreeRTOS/Source/list.o
                0x0800a8b6                vListInsert
 .text.uxListRemove
                0x0800a928       0x54 ./Middlewares/Third_Party/FreeRTOS/Source/list.o
                0x0800a928                uxListRemove
 .text.xQueueGenericReset
                0x0800a97c       0xd4 ./Middlewares/Third_Party/FreeRTOS/Source/queue.o
                0x0800a97c                xQueueGenericReset
 .text.xQueueGenericCreateStatic
                0x0800aa50       0xfa ./Middlewares/Third_Party/FreeRTOS/Source/queue.o
                0x0800aa50                xQueueGenericCreateStatic
 .text.xQueueGenericCreate
                0x0800ab4a       0x76 ./Middlewares/Third_Party/FreeRTOS/Source/queue.o
                0x0800ab4a                xQueueGenericCreate
 .text.prvInitialiseNewQueue
                0x0800abc0       0x46 ./Middlewares/Third_Party/FreeRTOS/Source/queue.o
 .text.prvInitialiseMutex
                0x0800ac06       0x34 ./Middlewares/Third_Party/FreeRTOS/Source/queue.o
 .text.xQueueCreateMutex
                0x0800ac3a       0x30 ./Middlewares/Third_Party/FreeRTOS/Source/queue.o
                0x0800ac3a                xQueueCreateMutex
 .text.xQueueCreateMutexStatic
                0x0800ac6a       0x36 ./Middlewares/Third_Party/FreeRTOS/Source/queue.o
                0x0800ac6a                xQueueCreateMutexStatic
 .text.xQueueGiveMutexRecursive
                0x0800aca0       0x6a ./Middlewares/Third_Party/FreeRTOS/Source/queue.o
                0x0800aca0                xQueueGiveMutexRecursive
 .text.xQueueTakeMutexRecursive
                0x0800ad0a       0x6e ./Middlewares/Third_Party/FreeRTOS/Source/queue.o
                0x0800ad0a                xQueueTakeMutexRecursive
 .text.xQueueCreateCountingSemaphoreStatic
                0x0800ad78       0x72 ./Middlewares/Third_Party/FreeRTOS/Source/queue.o
                0x0800ad78                xQueueCreateCountingSemaphoreStatic
 .text.xQueueCreateCountingSemaphore
                0x0800adea       0x6a ./Middlewares/Third_Party/FreeRTOS/Source/queue.o
                0x0800adea                xQueueCreateCountingSemaphore
 .text.xQueueGenericSend
                0x0800ae54      0x204 ./Middlewares/Third_Party/FreeRTOS/Source/queue.o
                0x0800ae54                xQueueGenericSend
 .text.xQueueGenericSendFromISR
                0x0800b058      0x13c ./Middlewares/Third_Party/FreeRTOS/Source/queue.o
                0x0800b058                xQueueGenericSendFromISR
 .text.xQueueGiveFromISR
                0x0800b194      0x120 ./Middlewares/Third_Party/FreeRTOS/Source/queue.o
                0x0800b194                xQueueGiveFromISR
 .text.xQueueReceive
                0x0800b2b4      0x1c4 ./Middlewares/Third_Party/FreeRTOS/Source/queue.o
                0x0800b2b4                xQueueReceive
 .text.xQueueSemaphoreTake
                0x0800b478      0x220 ./Middlewares/Third_Party/FreeRTOS/Source/queue.o
                0x0800b478                xQueueSemaphoreTake
 .text.xQueueReceiveFromISR
                0x0800b698      0x104 ./Middlewares/Third_Party/FreeRTOS/Source/queue.o
                0x0800b698                xQueueReceiveFromISR
 .text.vQueueDelete
                0x0800b79c       0x48 ./Middlewares/Third_Party/FreeRTOS/Source/queue.o
                0x0800b79c                vQueueDelete
 .text.prvGetDisinheritPriorityAfterTimeout
                0x0800b7e4       0x30 ./Middlewares/Third_Party/FreeRTOS/Source/queue.o
 .text.prvCopyDataToQueue
                0x0800b814       0xd4 ./Middlewares/Third_Party/FreeRTOS/Source/queue.o
 .text.prvCopyDataFromQueue
                0x0800b8e8       0x4c ./Middlewares/Third_Party/FreeRTOS/Source/queue.o
 .text.prvUnlockQueue
                0x0800b934       0xa4 ./Middlewares/Third_Party/FreeRTOS/Source/queue.o
 .text.prvIsQueueEmpty
                0x0800b9d8       0x2c ./Middlewares/Third_Party/FreeRTOS/Source/queue.o
 .text.prvIsQueueFull
                0x0800ba04       0x30 ./Middlewares/Third_Party/FreeRTOS/Source/queue.o
 .text.vQueueAddToRegistry
                0x0800ba34       0x54 ./Middlewares/Third_Party/FreeRTOS/Source/queue.o
                0x0800ba34                vQueueAddToRegistry
 .text.vQueueUnregisterQueue
                0x0800ba88       0x54 ./Middlewares/Third_Party/FreeRTOS/Source/queue.o
                0x0800ba88                vQueueUnregisterQueue
 .text.vQueueWaitForMessageRestricted
                0x0800badc       0x68 ./Middlewares/Third_Party/FreeRTOS/Source/queue.o
                0x0800badc                vQueueWaitForMessageRestricted
 .text.xTaskCreateStatic
                0x0800bb44       0xc0 ./Middlewares/Third_Party/FreeRTOS/Source/tasks.o
                0x0800bb44                xTaskCreateStatic
 .text.xTaskCreate
                0x0800bc04       0x8a ./Middlewares/Third_Party/FreeRTOS/Source/tasks.o
                0x0800bc04                xTaskCreate
 *fill*         0x0800bc8e        0x2 
 .text.prvInitialiseNewTask
                0x0800bc90      0x150 ./Middlewares/Third_Party/FreeRTOS/Source/tasks.o
 .text.prvAddNewTaskToReadyList
                0x0800bde0       0xe0 ./Middlewares/Third_Party/FreeRTOS/Source/tasks.o
 .text.vTaskDelay
                0x0800bec0       0x6c ./Middlewares/Third_Party/FreeRTOS/Source/tasks.o
                0x0800bec0                vTaskDelay
 .text.vTaskStartScheduler
                0x0800bf2c       0xe0 ./Middlewares/Third_Party/FreeRTOS/Source/tasks.o
                0x0800bf2c                vTaskStartScheduler
 .text.vTaskSuspendAll
                0x0800c00c       0x1c ./Middlewares/Third_Party/FreeRTOS/Source/tasks.o
                0x0800c00c                vTaskSuspendAll
 .text.xTaskResumeAll
                0x0800c028      0x13c ./Middlewares/Third_Party/FreeRTOS/Source/tasks.o
                0x0800c028                xTaskResumeAll
 .text.xTaskGetTickCount
                0x0800c164       0x20 ./Middlewares/Third_Party/FreeRTOS/Source/tasks.o
                0x0800c164                xTaskGetTickCount
 .text.xTaskGetTickCountFromISR
                0x0800c184       0x24 ./Middlewares/Third_Party/FreeRTOS/Source/tasks.o
                0x0800c184                xTaskGetTickCountFromISR
 .text.xTaskIncrementTick
                0x0800c1a8      0x174 ./Middlewares/Third_Party/FreeRTOS/Source/tasks.o
                0x0800c1a8                xTaskIncrementTick
 .text.vTaskSwitchContext
                0x0800c31c       0xcc ./Middlewares/Third_Party/FreeRTOS/Source/tasks.o
                0x0800c31c                vTaskSwitchContext
 .text.vTaskPlaceOnEventList
                0x0800c3e8       0x4c ./Middlewares/Third_Party/FreeRTOS/Source/tasks.o
                0x0800c3e8                vTaskPlaceOnEventList
 .text.vTaskPlaceOnEventListRestricted
                0x0800c434       0x58 ./Middlewares/Third_Party/FreeRTOS/Source/tasks.o
                0x0800c434                vTaskPlaceOnEventListRestricted
 .text.xTaskRemoveFromEventList
                0x0800c48c       0xc8 ./Middlewares/Third_Party/FreeRTOS/Source/tasks.o
                0x0800c48c                xTaskRemoveFromEventList
 .text.vTaskInternalSetTimeOutState
                0x0800c554       0x2c ./Middlewares/Third_Party/FreeRTOS/Source/tasks.o
                0x0800c554                vTaskInternalSetTimeOutState
 .text.xTaskCheckForTimeOut
                0x0800c580       0xc8 ./Middlewares/Third_Party/FreeRTOS/Source/tasks.o
                0x0800c580                xTaskCheckForTimeOut
 .text.vTaskMissedYield
                0x0800c648       0x18 ./Middlewares/Third_Party/FreeRTOS/Source/tasks.o
                0x0800c648                vTaskMissedYield
 .text.prvIdleTask
                0x0800c660       0x30 ./Middlewares/Third_Party/FreeRTOS/Source/tasks.o
 .text.prvInitialiseTaskLists
                0x0800c690       0x80 ./Middlewares/Third_Party/FreeRTOS/Source/tasks.o
 .text.prvCheckTasksWaitingTermination
                0x0800c710       0x5c ./Middlewares/Third_Party/FreeRTOS/Source/tasks.o
 .text.prvDeleteTCB
                0x0800c76c       0x6a ./Middlewares/Third_Party/FreeRTOS/Source/tasks.o
 *fill*         0x0800c7d6        0x2 
 .text.prvResetNextTaskUnblockTime
                0x0800c7d8       0x40 ./Middlewares/Third_Party/FreeRTOS/Source/tasks.o
 .text.xTaskGetCurrentTaskHandle
                0x0800c818       0x20 ./Middlewares/Third_Party/FreeRTOS/Source/tasks.o
                0x0800c818                xTaskGetCurrentTaskHandle
 .text.xTaskGetSchedulerState
                0x0800c838       0x3c ./Middlewares/Third_Party/FreeRTOS/Source/tasks.o
                0x0800c838                xTaskGetSchedulerState
 .text.xTaskPriorityInherit
                0x0800c874       0xd0 ./Middlewares/Third_Party/FreeRTOS/Source/tasks.o
                0x0800c874                xTaskPriorityInherit
 .text.xTaskPriorityDisinherit
                0x0800c944       0xe0 ./Middlewares/Third_Party/FreeRTOS/Source/tasks.o
                0x0800c944                xTaskPriorityDisinherit
 .text.vTaskPriorityDisinheritAfterTimeout
                0x0800ca24      0x108 ./Middlewares/Third_Party/FreeRTOS/Source/tasks.o
                0x0800ca24                vTaskPriorityDisinheritAfterTimeout
 .text.pvTaskIncrementMutexHeldCount
                0x0800cb2c       0x28 ./Middlewares/Third_Party/FreeRTOS/Source/tasks.o
                0x0800cb2c                pvTaskIncrementMutexHeldCount
 .text.prvAddCurrentTaskToDelayedList
                0x0800cb54       0xa8 ./Middlewares/Third_Party/FreeRTOS/Source/tasks.o
 .text.xTimerCreateTimerTask
                0x0800cbfc       0x94 ./Middlewares/Third_Party/FreeRTOS/Source/timers.o
                0x0800cbfc                xTimerCreateTimerTask
 .text.xTimerGenericCommand
                0x0800cc90       0x9c ./Middlewares/Third_Party/FreeRTOS/Source/timers.o
                0x0800cc90                xTimerGenericCommand
 .text.prvProcessExpiredTimer
                0x0800cd2c       0x9c ./Middlewares/Third_Party/FreeRTOS/Source/timers.o
 .text.prvTimerTask
                0x0800cdc8       0x26 ./Middlewares/Third_Party/FreeRTOS/Source/timers.o
 *fill*         0x0800cdee        0x2 
 .text.prvProcessTimerOrBlockTask
                0x0800cdf0       0x9c ./Middlewares/Third_Party/FreeRTOS/Source/timers.o
 .text.prvGetNextExpireTime
                0x0800ce8c       0x48 ./Middlewares/Third_Party/FreeRTOS/Source/timers.o
 .text.prvSampleTimeNow
                0x0800ced4       0x40 ./Middlewares/Third_Party/FreeRTOS/Source/timers.o
 .text.prvInsertTimerInActiveList
                0x0800cf14       0x84 ./Middlewares/Third_Party/FreeRTOS/Source/timers.o
 .text.prvProcessReceivedCommands
                0x0800cf98      0x1cc ./Middlewares/Third_Party/FreeRTOS/Source/timers.o
 .text.prvSwitchTimerLists
                0x0800d164       0xcc ./Middlewares/Third_Party/FreeRTOS/Source/timers.o
 .text.prvCheckForValidListAndQueue
                0x0800d230       0x80 ./Middlewares/Third_Party/FreeRTOS/Source/timers.o
 .text.pxPortInitialiseStack
                0x0800d2b0       0x68 ./Middlewares/Third_Party/FreeRTOS/Source/portable/GCC/ARM_CM4F/port.o
                0x0800d2b0                pxPortInitialiseStack
 .text.prvTaskExitError
                0x0800d318       0x5c ./Middlewares/Third_Party/FreeRTOS/Source/portable/GCC/ARM_CM4F/port.o
 *fill*         0x0800d374        0xc 
 .text.SVC_Handler
                0x0800d380       0x28 ./Middlewares/Third_Party/FreeRTOS/Source/portable/GCC/ARM_CM4F/port.o
                0x0800d380                SVC_Handler
 .text.prvPortStartFirstTask
                0x0800d3a8       0x28 ./Middlewares/Third_Party/FreeRTOS/Source/portable/GCC/ARM_CM4F/port.o
 .text.xPortStartScheduler
                0x0800d3d0      0x148 ./Middlewares/Third_Party/FreeRTOS/Source/portable/GCC/ARM_CM4F/port.o
                0x0800d3d0                xPortStartScheduler
 .text.vPortEnterCritical
                0x0800d518       0x64 ./Middlewares/Third_Party/FreeRTOS/Source/portable/GCC/ARM_CM4F/port.o
                0x0800d518                vPortEnterCritical
 .text.vPortExitCritical
                0x0800d57c       0x54 ./Middlewares/Third_Party/FreeRTOS/Source/portable/GCC/ARM_CM4F/port.o
                0x0800d57c                vPortExitCritical
 .text.PendSV_Handler
                0x0800d5d0       0x68 ./Middlewares/Third_Party/FreeRTOS/Source/portable/GCC/ARM_CM4F/port.o
                0x0800d5d0                PendSV_Handler
 .text.xPortSysTickHandler
                0x0800d638       0x44 ./Middlewares/Third_Party/FreeRTOS/Source/portable/GCC/ARM_CM4F/port.o
                0x0800d638                xPortSysTickHandler
 .text.vPortSetupTimerInterrupt
                0x0800d67c       0x48 ./Middlewares/Third_Party/FreeRTOS/Source/portable/GCC/ARM_CM4F/port.o
                0x0800d67c                vPortSetupTimerInterrupt
 .text.vPortEnableVFP
                0x0800d6c4       0x14 ./Middlewares/Third_Party/FreeRTOS/Source/portable/GCC/ARM_CM4F/port.o
 .text.vPortValidateInterruptPriority
                0x0800d6d8       0x84 ./Middlewares/Third_Party/FreeRTOS/Source/portable/GCC/ARM_CM4F/port.o
                0x0800d6d8                vPortValidateInterruptPriority
 .text.pvPortMalloc
                0x0800d75c      0x19c ./Middlewares/Third_Party/FreeRTOS/Source/portable/MemMang/heap_4.o
                0x0800d75c                pvPortMalloc
 .text.vPortFree
                0x0800d8f8       0xc8 ./Middlewares/Third_Party/FreeRTOS/Source/portable/MemMang/heap_4.o
                0x0800d8f8                vPortFree
 .text.prvHeapInit
                0x0800d9c0       0xc4 ./Middlewares/Third_Party/FreeRTOS/Source/portable/MemMang/heap_4.o
 .text.prvInsertBlockIntoFreeList
                0x0800da84       0xb4 ./Middlewares/Third_Party/FreeRTOS/Source/portable/MemMang/heap_4.o
 .text.atof     0x0800db38        0x6 /Applications/STM32CubeIDE.app/Contents/Eclipse/plugins/com.st.stm32cube.ide.mcu.externaltools.gnu-tools-for-stm32.14.3.rel1.macos64_1.0.100.202602081740/tools/bin/../lib/gcc/arm-none-eabi/14.3.1/../../../../arm-none-eabi/lib/thumb/v7e-m+fp/hard/libc_nano.a(libc_a-atof.o)
                0x0800db38                atof
 .text.atoi     0x0800db3e        0x8 /Applications/STM32CubeIDE.app/Contents/Eclipse/plugins/com.st.stm32cube.ide.mcu.externaltools.gnu-tools-for-stm32.14.3.rel1.macos64_1.0.100.202602081740/tools/bin/../lib/gcc/arm-none-eabi/14.3.1/../../../../arm-none-eabi/lib/thumb/v7e-m+fp/hard/libc_nano.a(libc_a-atoi.o)
                0x0800db3e                atoi
 .text.__cvt    0x0800db46       0xca /Applications/STM32CubeIDE.app/Contents/Eclipse/plugins/com.st.stm32cube.ide.mcu.externaltools.gnu-tools-for-stm32.14.3.rel1.macos64_1.0.100.202602081740/tools/bin/../lib/gcc/arm-none-eabi/14.3.1/../../../../arm-none-eabi/lib/thumb/v7e-m+fp/hard/libc_nano.a(libc_a-nano-vfprintf_float.o)
                0x0800db46                __cvt
 .text.__exponent
                0x0800dc10       0x74 /Applications/STM32CubeIDE.app/Contents/Eclipse/plugins/com.st.stm32cube.ide.mcu.externaltools.gnu-tools-for-stm32.14.3.rel1.macos64_1.0.100.202602081740/tools/bin/../lib/gcc/arm-none-eabi/14.3.1/../../../../arm-none-eabi/lib/thumb/v7e-m+fp/hard/libc_nano.a(libc_a-nano-vfprintf_float.o)
                0x0800dc10                __exponent
 .text._printf_float
                0x0800dc84      0x450 /Applications/STM32CubeIDE.app/Contents/Eclipse/plugins/com.st.stm32cube.ide.mcu.externaltools.gnu-tools-for-stm32.14.3.rel1.macos64_1.0.100.202602081740/tools/bin/../lib/gcc/arm-none-eabi/14.3.1/../../../../arm-none-eabi/lib/thumb/v7e-m+fp/hard/libc_nano.a(libc_a-nano-vfprintf_float.o)
                0x0800dc84                _printf_float
 .text._printf_common
                0x0800e0d4       0xda /Applications/STM32CubeIDE.app/Contents/Eclipse/plugins/com.st.stm32cube.ide.mcu.externaltools.gnu-tools-for-stm32.14.3.rel1.macos64_1.0.100.202602081740/tools/bin/../lib/gcc/arm-none-eabi/14.3.1/../../../../arm-none-eabi/lib/thumb/v7e-m+fp/hard/libc_nano.a(libc_a-nano-vfprintf_i.o)
                0x0800e0d4                _printf_common
 *fill*         0x0800e1ae        0x2 
 .text._printf_i
                0x0800e1b0      0x24c /Applications/STM32CubeIDE.app/Contents/Eclipse/plugins/com.st.stm32cube.ide.mcu.externaltools.gnu-tools-for-stm32.14.3.rel1.macos64_1.0.100.202602081740/tools/bin/../lib/gcc/arm-none-eabi/14.3.1/../../../../arm-none-eabi/lib/thumb/v7e-m+fp/hard/libc_nano.a(libc_a-nano-vfprintf_i.o)
                0x0800e1b0                _printf_i
 .text.snprintf
                0x0800e3fc       0x6c /Applications/STM32CubeIDE.app/Contents/Eclipse/plugins/com.st.stm32cube.ide.mcu.externaltools.gnu-tools-for-stm32.14.3.rel1.macos64_1.0.100.202602081740/tools/bin/../lib/gcc/arm-none-eabi/14.3.1/../../../../arm-none-eabi/lib/thumb/v7e-m+fp/hard/libc_nano.a(libc_a-snprintf.o)
                0x0800e3fc                snprintf
                0x0800e3fc                sniprintf
 .text.std      0x0800e468       0x6c /Applications/STM32CubeIDE.app/Contents/Eclipse/plugins/com.st.stm32cube.ide.mcu.externaltools.gnu-tools-for-stm32.14.3.rel1.macos64_1.0.100.202602081740/tools/bin/../lib/gcc/arm-none-eabi/14.3.1/../../../../arm-none-eabi/lib/thumb/v7e-m+fp/hard/libc_nano.a(libc_a-findfp.o)
 .text.stdio_exit_handler
                0x0800e4d4       0x18 /Applications/STM32CubeIDE.app/Contents/Eclipse/plugins/com.st.stm32cube.ide.mcu.externaltools.gnu-tools-for-stm32.14.3.rel1.macos64_1.0.100.202602081740/tools/bin/../lib/gcc/arm-none-eabi/14.3.1/../../../../arm-none-eabi/lib/thumb/v7e-m+fp/hard/libc_nano.a(libc_a-findfp.o)
 .text.cleanup_stdio
                0x0800e4ec       0x40 /Applications/STM32CubeIDE.app/Contents/Eclipse/plugins/com.st.stm32cube.ide.mcu.externaltools.gnu-tools-for-stm32.14.3.rel1.macos64_1.0.100.202602081740/tools/bin/../lib/gcc/arm-none-eabi/14.3.1/../../../../arm-none-eabi/lib/thumb/v7e-m+fp/hard/libc_nano.a(libc_a-findfp.o)
 .text.global_stdio_init.part.0
                0x0800e52c       0x40 /Applications/STM32CubeIDE.app/Contents/Eclipse/plugins/com.st.stm32cube.ide.mcu.externaltools.gnu-tools-for-stm32.14.3.rel1.macos64_1.0.100.202602081740/tools/bin/../lib/gcc/arm-none-eabi/14.3.1/../../../../arm-none-eabi/lib/thumb/v7e-m+fp/hard/libc_nano.a(libc_a-findfp.o)
 .text.__sfp_lock_acquire
                0x0800e56c        0xc /Applications/STM32CubeIDE.app/Contents/Eclipse/plugins/com.st.stm32cube.ide.mcu.externaltools.gnu-tools-for-stm32.14.3.rel1.macos64_1.0.100.202602081740/tools/bin/../lib/gcc/arm-none-eabi/14.3.1/../../../../arm-none-eabi/lib/thumb/v7e-m+fp/hard/libc_nano.a(libc_a-findfp.o)
                0x0800e56c                __sfp_lock_acquire
 .text.__sfp_lock_release
                0x0800e578        0xc /Applications/STM32CubeIDE.app/Contents/Eclipse/plugins/com.st.stm32cube.ide.mcu.externaltools.gnu-tools-for-stm32.14.3.rel1.macos64_1.0.100.202602081740/tools/bin/../lib/gcc/arm-none-eabi/14.3.1/../../../../arm-none-eabi/lib/thumb/v7e-m+fp/hard/libc_nano.a(libc_a-findfp.o)
                0x0800e578                __sfp_lock_release
 .text.__sinit  0x0800e584       0x30 /Applications/STM32CubeIDE.app/Contents/Eclipse/plugins/com.st.stm32cube.ide.mcu.externaltools.gnu-tools-for-stm32.14.3.rel1.macos64_1.0.100.202602081740/tools/bin/../lib/gcc/arm-none-eabi/14.3.1/../../../../arm-none-eabi/lib/thumb/v7e-m+fp/hard/libc_nano.a(libc_a-findfp.o)
                0x0800e584                __sinit
 .text.sulp     0x0800e5b4       0x3c /Applications/STM32CubeIDE.app/Contents/Eclipse/plugins/com.st.stm32cube.ide.mcu.externaltools.gnu-tools-for-stm32.14.3.rel1.macos64_1.0.100.202602081740/tools/bin/../lib/gcc/arm-none-eabi/14.3.1/../../../../arm-none-eabi/lib/thumb/v7e-m+fp/hard/libc_nano.a(libc_a-strtod.o)
 .text._strtod_l
                0x0800e5f0      0xbb8 /Applications/STM32CubeIDE.app/Contents/Eclipse/plugins/com.st.stm32cube.ide.mcu.externaltools.gnu-tools-for-stm32.14.3.rel1.macos64_1.0.100.202602081740/tools/bin/../lib/gcc/arm-none-eabi/14.3.1/../../../../arm-none-eabi/lib/thumb/v7e-m+fp/hard/libc_nano.a(libc_a-strtod.o)
                0x0800e5f0                _strtod_l
 .text.strtod   0x0800f1a8       0x18 /Applications/STM32CubeIDE.app/Contents/Eclipse/plugins/com.st.stm32cube.ide.mcu.externaltools.gnu-tools-for-stm32.14.3.rel1.macos64_1.0.100.202602081740/tools/bin/../lib/gcc/arm-none-eabi/14.3.1/../../../../arm-none-eabi/lib/thumb/v7e-m+fp/hard/libc_nano.a(libc_a-strtod.o)
                0x0800f1a8                strtod
 .text._strtol_l.isra.0
                0x0800f1c0       0xf4 /Applications/STM32CubeIDE.app/Contents/Eclipse/plugins/com.st.stm32cube.ide.mcu.externaltools.gnu-tools-for-stm32.14.3.rel1.macos64_1.0.100.202602081740/tools/bin/../lib/gcc/arm-none-eabi/14.3.1/../../../../arm-none-eabi/lib/thumb/v7e-m+fp/hard/libc_nano.a(libc_a-strtol.o)
 .text.strtol   0x0800f2b4       0x14 /Applications/STM32CubeIDE.app/Contents/Eclipse/plugins/com.st.stm32cube.ide.mcu.externaltools.gnu-tools-for-stm32.14.3.rel1.macos64_1.0.100.202602081740/tools/bin/../lib/gcc/arm-none-eabi/14.3.1/../../../../arm-none-eabi/lib/thumb/v7e-m+fp/hard/libc_nano.a(libc_a-strtol.o)
                0x0800f2b4                strtol
 .text._fwalk_sglue
                0x0800f2c8       0x3c /Applications/STM32CubeIDE.app/Contents/Eclipse/plugins/com.st.stm32cube.ide.mcu.externaltools.gnu-tools-for-stm32.14.3.rel1.macos64_1.0.100.202602081740/tools/bin/../lib/gcc/arm-none-eabi/14.3.1/../../../../arm-none-eabi/lib/thumb/v7e-m+fp/hard/libc_nano.a(libc_a-fwalk.o)
                0x0800f2c8                _fwalk_sglue
 .text.memset   0x0800f304       0x10 /Applications/STM32CubeIDE.app/Contents/Eclipse/plugins/com.st.stm32cube.ide.mcu.externaltools.gnu-tools-for-stm32.14.3.rel1.macos64_1.0.100.202602081740/tools/bin/../lib/gcc/arm-none-eabi/14.3.1/../../../../arm-none-eabi/lib/thumb/v7e-m+fp/hard/libc_nano.a(libc_a-memset.o)
                0x0800f304                memset
 .text.strncmp  0x0800f314       0x24 /Applications/STM32CubeIDE.app/Contents/Eclipse/plugins/com.st.stm32cube.ide.mcu.externaltools.gnu-tools-for-stm32.14.3.rel1.macos64_1.0.100.202602081740/tools/bin/../lib/gcc/arm-none-eabi/14.3.1/../../../../arm-none-eabi/lib/thumb/v7e-m+fp/hard/libc_nano.a(libc_a-strncmp.o)
                0x0800f314                strncmp
 .text.strncpy  0x0800f338       0x26 /Applications/STM32CubeIDE.app/Contents/Eclipse/plugins/com.st.stm32cube.ide.mcu.externaltools.gnu-tools-for-stm32.14.3.rel1.macos64_1.0.100.202602081740/tools/bin/../lib/gcc/arm-none-eabi/14.3.1/../../../../arm-none-eabi/lib/thumb/v7e-m+fp/hard/libc_nano.a(libc_a-strncpy.o)
                0x0800f338                strncpy
 *fill*         0x0800f35e        0x2 
 .text.strtok   0x0800f360       0x7c /Applications/STM32CubeIDE.app/Contents/Eclipse/plugins/com.st.stm32cube.ide.mcu.externaltools.gnu-tools-for-stm32.14.3.rel1.macos64_1.0.100.202602081740/tools/bin/../lib/gcc/arm-none-eabi/14.3.1/../../../../arm-none-eabi/lib/thumb/v7e-m+fp/hard/libc_nano.a(libc_a-strtok.o)
                0x0800f360                strtok
 .text.__strtok_r
                0x0800f3dc       0x50 /Applications/STM32CubeIDE.app/Contents/Eclipse/plugins/com.st.stm32cube.ide.mcu.externaltools.gnu-tools-for-stm32.14.3.rel1.macos64_1.0.100.202602081740/tools/bin/../lib/gcc/arm-none-eabi/14.3.1/../../../../arm-none-eabi/lib/thumb/v7e-m+fp/hard/libc_nano.a(libc_a-strtok_r.o)
                0x0800f3dc                __strtok_r
 .text.strstr   0x0800f42c       0x2c /Applications/STM32CubeIDE.app/Contents/Eclipse/plugins/com.st.stm32cube.ide.mcu.externaltools.gnu-tools-for-stm32.14.3.rel1.macos64_1.0.100.202602081740/tools/bin/../lib/gcc/arm-none-eabi/14.3.1/../../../../arm-none-eabi/lib/thumb/v7e-m+fp/hard/libc_nano.a(libc_a-strstr.o)
                0x0800f42c                strstr
 .text.__errno  0x0800f458        0xc /Applications/STM32CubeIDE.app/Contents/Eclipse/plugins/com.st.stm32cube.ide.mcu.externaltools.gnu-tools-for-stm32.14.3.rel1.macos64_1.0.100.202602081740/tools/bin/../lib/gcc/arm-none-eabi/14.3.1/../../../../arm-none-eabi/lib/thumb/v7e-m+fp/hard/libc_nano.a(libc_a-errno.o)
                0x0800f458                __errno
 .text.__libc_init_array
                0x0800f464       0x48 /Applications/STM32CubeIDE.app/Contents/Eclipse/plugins/com.st.stm32cube.ide.mcu.externaltools.gnu-tools-for-stm32.14.3.rel1.macos64_1.0.100.202602081740/tools/bin/../lib/gcc/arm-none-eabi/14.3.1/../../../../arm-none-eabi/lib/thumb/v7e-m+fp/hard/libc_nano.a(libc_a-init.o)
                0x0800f464                __libc_init_array
 .text.__retarget_lock_init_recursive
                0x0800f4ac        0x2 /Applications/STM32CubeIDE.app/Contents/Eclipse/plugins/com.st.stm32cube.ide.mcu.externaltools.gnu-tools-for-stm32.14.3.rel1.macos64_1.0.100.202602081740/tools/bin/../lib/gcc/arm-none-eabi/14.3.1/../../../../arm-none-eabi/lib/thumb/v7e-m+fp/hard/libc_nano.a(libc_a-lock.o)
                0x0800f4ac                __retarget_lock_init_recursive
 .text.__retarget_lock_acquire_recursive
                0x0800f4ae        0x2 /Applications/STM32CubeIDE.app/Contents/Eclipse/plugins/com.st.stm32cube.ide.mcu.externaltools.gnu-tools-for-stm32.14.3.rel1.macos64_1.0.100.202602081740/tools/bin/../lib/gcc/arm-none-eabi/14.3.1/../../../../arm-none-eabi/lib/thumb/v7e-m+fp/hard/libc_nano.a(libc_a-lock.o)
                0x0800f4ae                __retarget_lock_acquire_recursive
 .text.__retarget_lock_release_recursive
                0x0800f4b0        0x2 /Applications/STM32CubeIDE.app/Contents/Eclipse/plugins/com.st.stm32cube.ide.mcu.externaltools.gnu-tools-for-stm32.14.3.rel1.macos64_1.0.100.202602081740/tools/bin/../lib/gcc/arm-none-eabi/14.3.1/../../../../arm-none-eabi/lib/thumb/v7e-m+fp/hard/libc_nano.a(libc_a-lock.o)
                0x0800f4b0                __retarget_lock_release_recursive
 *fill*         0x0800f4b2        0x2 
 .text._localeconv_r
                0x0800f4b4        0x8 /Applications/STM32CubeIDE.app/Contents/Eclipse/plugins/com.st.stm32cube.ide.mcu.externaltools.gnu-tools-for-stm32.14.3.rel1.macos64_1.0.100.202602081740/tools/bin/../lib/gcc/arm-none-eabi/14.3.1/../../../../arm-none-eabi/lib/thumb/v7e-m+fp/hard/libc_nano.a(libc_a-localeconv.o)
                0x0800f4b4                _localeconv_r
 .text._reclaim_reent
                0x0800f4bc       0xbc /Applications/STM32CubeIDE.app/Contents/Eclipse/plugins/com.st.stm32cube.ide.mcu.externaltools.gnu-tools-for-stm32.14.3.rel1.macos64_1.0.100.202602081740/tools/bin/../lib/gcc/arm-none-eabi/14.3.1/../../../../arm-none-eabi/lib/thumb/v7e-m+fp/hard/libc_nano.a(libc_a-reent.o)
                0x0800f4bc                _reclaim_reent
 .text.strcpy   0x0800f578       0x10 /Applications/STM32CubeIDE.app/Contents/Eclipse/plugins/com.st.stm32cube.ide.mcu.externaltools.gnu-tools-for-stm32.14.3.rel1.macos64_1.0.100.202602081740/tools/bin/../lib/gcc/arm-none-eabi/14.3.1/../../../../arm-none-eabi/lib/thumb/v7e-m+fp/hard/libc_nano.a(libc_a-strcpy.o)
                0x0800f578                strcpy
 .text.memcpy   0x0800f588       0x1c /Applications/STM32CubeIDE.app/Contents/Eclipse/plugins/com.st.stm32cube.ide.mcu.externaltools.gnu-tools-for-stm32.14.3.rel1.macos64_1.0.100.202602081740/tools/bin/../lib/gcc/arm-none-eabi/14.3.1/../../../../arm-none-eabi/lib/thumb/v7e-m+fp/hard/libc_nano.a(libc_a-memcpy-stub.o)
                0x0800f588                memcpy
 *fill*         0x0800f5a4        0x4 
 .text.nan      0x0800f5a8       0x10 /Applications/STM32CubeIDE.app/Contents/Eclipse/plugins/com.st.stm32cube.ide.mcu.externaltools.gnu-tools-for-stm32.14.3.rel1.macos64_1.0.100.202602081740/tools/bin/../lib/gcc/arm-none-eabi/14.3.1/../../../../arm-none-eabi/lib/thumb/v7e-m+fp/hard/libc_nano.a(libm_a-s_nan.o)
                0x0800f5a8                nan
 .text.__assert_func
                0x0800f5b8       0x3c /Applications/STM32CubeIDE.app/Contents/Eclipse/plugins/com.st.stm32cube.ide.mcu.externaltools.gnu-tools-for-stm32.14.3.rel1.macos64_1.0.100.202602081740/tools/bin/../lib/gcc/arm-none-eabi/14.3.1/../../../../arm-none-eabi/lib/thumb/v7e-m+fp/hard/libc_nano.a(libc_a-assert.o)
                0x0800f5b8                __assert_func
 .text.quorem   0x0800f5f4      0x110 /Applications/STM32CubeIDE.app/Contents/Eclipse/plugins/com.st.stm32cube.ide.mcu.externaltools.gnu-tools-for-stm32.14.3.rel1.macos64_1.0.100.202602081740/tools/bin/../lib/gcc/arm-none-eabi/14.3.1/../../../../arm-none-eabi/lib/thumb/v7e-m+fp/hard/libc_nano.a(libc_a-dtoa.o)
 *fill*         0x0800f704        0x4 
 .text._dtoa_r  0x0800f708      0xbb8 /Applications/STM32CubeIDE.app/Contents/Eclipse/plugins/com.st.stm32cube.ide.mcu.externaltools.gnu-tools-for-stm32.14.3.rel1.macos64_1.0.100.202602081740/tools/bin/../lib/gcc/arm-none-eabi/14.3.1/../../../../arm-none-eabi/lib/thumb/v7e-m+fp/hard/libc_nano.a(libc_a-dtoa.o)
                0x0800f708                _dtoa_r
 .text._free_r  0x080102c0       0x94 /Applications/STM32CubeIDE.app/Contents/Eclipse/plugins/com.st.stm32cube.ide.mcu.externaltools.gnu-tools-for-stm32.14.3.rel1.macos64_1.0.100.202602081740/tools/bin/../lib/gcc/arm-none-eabi/14.3.1/../../../../arm-none-eabi/lib/thumb/v7e-m+fp/hard/libc_nano.a(libc_a-freer.o)
                0x080102c0                _free_r
 .text.rshift   0x08010354       0xa4 /Applications/STM32CubeIDE.app/Contents/Eclipse/plugins/com.st.stm32cube.ide.mcu.externaltools.gnu-tools-for-stm32.14.3.rel1.macos64_1.0.100.202602081740/tools/bin/../lib/gcc/arm-none-eabi/14.3.1/../../../../arm-none-eabi/lib/thumb/v7e-m+fp/hard/libc_nano.a(libc_a-gdtoa-gethex.o)
 .text.__hexdig_fun
                0x080103f8       0x2a /Applications/STM32CubeIDE.app/Contents/Eclipse/plugins/com.st.stm32cube.ide.mcu.externaltools.gnu-tools-for-stm32.14.3.rel1.macos64_1.0.100.202602081740/tools/bin/../lib/gcc/arm-none-eabi/14.3.1/../../../../arm-none-eabi/lib/thumb/v7e-m+fp/hard/libc_nano.a(libc_a-gdtoa-gethex.o)
                0x080103f8                __hexdig_fun
 *fill*         0x08010422        0x2 
 .text.__gethex
                0x08010424      0x420 /Applications/STM32CubeIDE.app/Contents/Eclipse/plugins/com.st.stm32cube.ide.mcu.externaltools.gnu-tools-for-stm32.14.3.rel1.macos64_1.0.100.202602081740/tools/bin/../lib/gcc/arm-none-eabi/14.3.1/../../../../arm-none-eabi/lib/thumb/v7e-m+fp/hard/libc_nano.a(libc_a-gdtoa-gethex.o)
                0x08010424                __gethex
 .text.L_shift  0x08010844       0x24 /Applications/STM32CubeIDE.app/Contents/Eclipse/plugins/com.st.stm32cube.ide.mcu.externaltools.gnu-tools-for-stm32.14.3.rel1.macos64_1.0.100.202602081740/tools/bin/../lib/gcc/arm-none-eabi/14.3.1/../../../../arm-none-eabi/lib/thumb/v7e-m+fp/hard/libc_nano.a(libc_a-gdtoa-hexnan.o)
 .text.__match  0x08010868       0x28 /Applications/STM32CubeIDE.app/Contents/Eclipse/plugins/com.st.stm32cube.ide.mcu.externaltools.gnu-tools-for-stm32.14.3.rel1.macos64_1.0.100.202602081740/tools/bin/../lib/gcc/arm-none-eabi/14.3.1/../../../../arm-none-eabi/lib/thumb/v7e-m+fp/hard/libc_nano.a(libc_a-gdtoa-hexnan.o)
                0x08010868                __match
 .text.__hexnan
                0x08010890      0x13a /Applications/STM32CubeIDE.app/Contents/Eclipse/plugins/com.st.stm32cube.ide.mcu.externaltools.gnu-tools-for-stm32.14.3.rel1.macos64_1.0.100.202602081740/tools/bin/../lib/gcc/arm-none-eabi/14.3.1/../../../../arm-none-eabi/lib/thumb/v7e-m+fp/hard/libc_nano.a(libc_a-gdtoa-hexnan.o)
                0x08010890                __hexnan
 .text.__ssputs_r
                0x080109ca       0xc0 /Applications/STM32CubeIDE.app/Contents/Eclipse/plugins/com.st.stm32cube.ide.mcu.externaltools.gnu-tools-for-stm32.14.3.rel1.macos64_1.0.100.202602081740/tools/bin/../lib/gcc/arm-none-eabi/14.3.1/../../../../arm-none-eabi/lib/thumb/v7e-m+fp/hard/libc_nano.a(libc_a-nano-svfprintf.o)
                0x080109ca                __ssputs_r
 *fill*         0x08010a8a        0x2 
 .text._svfprintf_r
                0x08010a8c      0x1f0 /Applications/STM32CubeIDE.app/Contents/Eclipse/plugins/com.st.stm32cube.ide.mcu.externaltools.gnu-tools-for-stm32.14.3.rel1.macos64_1.0.100.202602081740/tools/bin/../lib/gcc/arm-none-eabi/14.3.1/../../../../arm-none-eabi/lib/thumb/v7e-m+fp/hard/libc_nano.a(libc_a-nano-svfprintf.o)
                0x08010a8c                _svfprintf_r
                0x08010a8c                _svfiprintf_r
 .text.malloc   0x08010c7c       0x10 /Applications/STM32CubeIDE.app/Contents/Eclipse/plugins/com.st.stm32cube.ide.mcu.externaltools.gnu-tools-for-stm32.14.3.rel1.macos64_1.0.100.202602081740/tools/bin/../lib/gcc/arm-none-eabi/14.3.1/../../../../arm-none-eabi/lib/thumb/v7e-m+fp/hard/libc_nano.a(libc_a-malloc.o)
                0x08010c7c                malloc
 .text.sbrk_aligned
                0x08010c8c       0x44 /Applications/STM32CubeIDE.app/Contents/Eclipse/plugins/com.st.stm32cube.ide.mcu.externaltools.gnu-tools-for-stm32.14.3.rel1.macos64_1.0.100.202602081740/tools/bin/../lib/gcc/arm-none-eabi/14.3.1/../../../../arm-none-eabi/lib/thumb/v7e-m+fp/hard/libc_nano.a(libc_a-mallocr.o)
 .text._malloc_r
                0x08010cd0      0x100 /Applications/STM32CubeIDE.app/Contents/Eclipse/plugins/com.st.stm32cube.ide.mcu.externaltools.gnu-tools-for-stm32.14.3.rel1.macos64_1.0.100.202602081740/tools/bin/../lib/gcc/arm-none-eabi/14.3.1/../../../../arm-none-eabi/lib/thumb/v7e-m+fp/hard/libc_nano.a(libc_a-mallocr.o)
                0x08010cd0                _malloc_r
 .text.__ascii_mbtowc
                0x08010dd0       0x24 /Applications/STM32CubeIDE.app/Contents/Eclipse/plugins/com.st.stm32cube.ide.mcu.externaltools.gnu-tools-for-stm32.14.3.rel1.macos64_1.0.100.202602081740/tools/bin/../lib/gcc/arm-none-eabi/14.3.1/../../../../arm-none-eabi/lib/thumb/v7e-m+fp/hard/libc_nano.a(libc_a-mbtowc_r.o)
                0x08010dd0                __ascii_mbtowc
 .text.__sflush_r
                0x08010df4      0x104 /Applications/STM32CubeIDE.app/Contents/Eclipse/plugins/com.st.stm32cube.ide.mcu.externaltools.gnu-tools-for-stm32.14.3.rel1.macos64_1.0.100.202602081740/tools/bin/../lib/gcc/arm-none-eabi/14.3.1/../../../../arm-none-eabi/lib/thumb/v7e-m+fp/hard/libc_nano.a(libc_a-fflush.o)
                0x08010df4                __sflush_r
 .text._fflush_r
                0x08010ef8       0x50 /Applications/STM32CubeIDE.app/Contents/Eclipse/plugins/com.st.stm32cube.ide.mcu.externaltools.gnu-tools-for-stm32.14.3.rel1.macos64_1.0.100.202602081740/tools/bin/../lib/gcc/arm-none-eabi/14.3.1/../../../../arm-none-eabi/lib/thumb/v7e-m+fp/hard/libc_nano.a(libc_a-fflush.o)
                0x08010ef8                _fflush_r
 .text.__malloc_lock
                0x08010f48        0xc /Applications/STM32CubeIDE.app/Contents/Eclipse/plugins/com.st.stm32cube.ide.mcu.externaltools.gnu-tools-for-stm32.14.3.rel1.macos64_1.0.100.202602081740/tools/bin/../lib/gcc/arm-none-eabi/14.3.1/../../../../arm-none-eabi/lib/thumb/v7e-m+fp/hard/libc_nano.a(libc_a-mlock.o)
                0x08010f48                __malloc_lock
 .text.__malloc_unlock
                0x08010f54        0xc /Applications/STM32CubeIDE.app/Contents/Eclipse/plugins/com.st.stm32cube.ide.mcu.externaltools.gnu-tools-for-stm32.14.3.rel1.macos64_1.0.100.202602081740/tools/bin/../lib/gcc/arm-none-eabi/14.3.1/../../../../arm-none-eabi/lib/thumb/v7e-m+fp/hard/libc_nano.a(libc_a-mlock.o)
                0x08010f54                __malloc_unlock
 .text._Balloc  0x08010f60       0x7c /Applications/STM32CubeIDE.app/Contents/Eclipse/plugins/com.st.stm32cube.ide.mcu.externaltools.gnu-tools-for-stm32.14.3.rel1.macos64_1.0.100.202602081740/tools/bin/../lib/gcc/arm-none-eabi/14.3.1/../../../../arm-none-eabi/lib/thumb/v7e-m+fp/hard/libc_nano.a(libc_a-mprec.o)
                0x08010f60                _Balloc
 .text._Bfree   0x08010fdc       0x44 /Applications/STM32CubeIDE.app/Contents/Eclipse/plugins/com.st.stm32cube.ide.mcu.externaltools.gnu-tools-for-stm32.14.3.rel1.macos64_1.0.100.202602081740/tools/bin/../lib/gcc/arm-none-eabi/14.3.1/../../../../arm-none-eabi/lib/thumb/v7e-m+fp/hard/libc_nano.a(libc_a-mprec.o)
                0x08010fdc                _Bfree
 .text.__multadd
                0x08011020       0x8c /Applications/STM32CubeIDE.app/Contents/Eclipse/plugins/com.st.stm32cube.ide.mcu.externaltools.gnu-tools-for-stm32.14.3.rel1.macos64_1.0.100.202602081740/tools/bin/../lib/gcc/arm-none-eabi/14.3.1/../../../../arm-none-eabi/lib/thumb/v7e-m+fp/hard/libc_nano.a(libc_a-mprec.o)
                0x08011020                __multadd
 .text.__s2b    0x080110ac       0x94 /Applications/STM32CubeIDE.app/Contents/Eclipse/plugins/com.st.stm32cube.ide.mcu.externaltools.gnu-tools-for-stm32.14.3.rel1.macos64_1.0.100.202602081740/tools/bin/../lib/gcc/arm-none-eabi/14.3.1/../../../../arm-none-eabi/lib/thumb/v7e-m+fp/hard/libc_nano.a(libc_a-mprec.o)
                0x080110ac                __s2b
 .text.__hi0bits
                0x08011140       0x3e /Applications/STM32CubeIDE.app/Contents/Eclipse/plugins/com.st.stm32cube.ide.mcu.externaltools.gnu-tools-for-stm32.14.3.rel1.macos64_1.0.100.202602081740/tools/bin/../lib/gcc/arm-none-eabi/14.3.1/../../../../arm-none-eabi/lib/thumb/v7e-m+fp/hard/libc_nano.a(libc_a-mprec.o)
                0x08011140                __hi0bits
 .text.__lo0bits
                0x0801117e       0x5a /Applications/STM32CubeIDE.app/Contents/Eclipse/plugins/com.st.stm32cube.ide.mcu.externaltools.gnu-tools-for-stm32.14.3.rel1.macos64_1.0.100.202602081740/tools/bin/../lib/gcc/arm-none-eabi/14.3.1/../../../../arm-none-eabi/lib/thumb/v7e-m+fp/hard/libc_nano.a(libc_a-mprec.o)
                0x0801117e                __lo0bits
 .text.__i2b    0x080111d8       0x2c /Applications/STM32CubeIDE.app/Contents/Eclipse/plugins/com.st.stm32cube.ide.mcu.externaltools.gnu-tools-for-stm32.14.3.rel1.macos64_1.0.100.202602081740/tools/bin/../lib/gcc/arm-none-eabi/14.3.1/../../../../arm-none-eabi/lib/thumb/v7e-m+fp/hard/libc_nano.a(libc_a-mprec.o)
                0x080111d8                __i2b
 .text.__multiply
                0x08011204      0x154 /Applications/STM32CubeIDE.app/Contents/Eclipse/plugins/com.st.stm32cube.ide.mcu.externaltools.gnu-tools-for-stm32.14.3.rel1.macos64_1.0.100.202602081740/tools/bin/../lib/gcc/arm-none-eabi/14.3.1/../../../../arm-none-eabi/lib/thumb/v7e-m+fp/hard/libc_nano.a(libc_a-mprec.o)
                0x08011204                __multiply
 .text.__pow5mult
                0x08011358       0xb8 /Applications/STM32CubeIDE.app/Contents/Eclipse/plugins/com.st.stm32cube.ide.mcu.externaltools.gnu-tools-for-stm32.14.3.rel1.macos64_1.0.100.202602081740/tools/bin/../lib/gcc/arm-none-eabi/14.3.1/../../../../arm-none-eabi/lib/thumb/v7e-m+fp/hard/libc_nano.a(libc_a-mprec.o)
                0x08011358                __pow5mult
 .text.__lshift
                0x08011410       0xdc /Applications/STM32CubeIDE.app/Contents/Eclipse/plugins/com.st.stm32cube.ide.mcu.externaltools.gnu-tools-for-stm32.14.3.rel1.macos64_1.0.100.202602081740/tools/bin/../lib/gcc/arm-none-eabi/14.3.1/../../../../arm-none-eabi/lib/thumb/v7e-m+fp/hard/libc_nano.a(libc_a-mprec.o)
                0x08011410                __lshift
 .text.__mcmp   0x080114ec       0x36 /Applications/STM32CubeIDE.app/Contents/Eclipse/plugins/com.st.stm32cube.ide.mcu.externaltools.gnu-tools-for-stm32.14.3.rel1.macos64_1.0.100.202602081740/tools/bin/../lib/gcc/arm-none-eabi/14.3.1/../../../../arm-none-eabi/lib/thumb/v7e-m+fp/hard/libc_nano.a(libc_a-mprec.o)
                0x080114ec                __mcmp
 *fill*         0x08011522        0x2 
 .text.__mdiff  0x08011524      0x130 /Applications/STM32CubeIDE.app/Contents/Eclipse/plugins/com.st.stm32cube.ide.mcu.externaltools.gnu-tools-for-stm32.14.3.rel1.macos64_1.0.100.202602081740/tools/bin/../lib/gcc/arm-none-eabi/14.3.1/../../../../arm-none-eabi/lib/thumb/v7e-m+fp/hard/libc_nano.a(libc_a-mprec.o)
                0x08011524                __mdiff
 .text.__ulp    0x08011654       0x4c /Applications/STM32CubeIDE.app/Contents/Eclipse/plugins/com.st.stm32cube.ide.mcu.externaltools.gnu-tools-for-stm32.14.3.rel1.macos64_1.0.100.202602081740/tools/bin/../lib/gcc/arm-none-eabi/14.3.1/../../../../arm-none-eabi/lib/thumb/v7e-m+fp/hard/libc_nano.a(libc_a-mprec.o)
                0x08011654                __ulp
 .text.__b2d    0x080116a0       0x94 /Applications/STM32CubeIDE.app/Contents/Eclipse/plugins/com.st.stm32cube.ide.mcu.externaltools.gnu-tools-for-stm32.14.3.rel1.macos64_1.0.100.202602081740/tools/bin/../lib/gcc/arm-none-eabi/14.3.1/../../../../arm-none-eabi/lib/thumb/v7e-m+fp/hard/libc_nano.a(libc_a-mprec.o)
                0x080116a0                __b2d
 .text.__d2b    0x08011734       0xb0 /Applications/STM32CubeIDE.app/Contents/Eclipse/plugins/com.st.stm32cube.ide.mcu.externaltools.gnu-tools-for-stm32.14.3.rel1.macos64_1.0.100.202602081740/tools/bin/../lib/gcc/arm-none-eabi/14.3.1/../../../../arm-none-eabi/lib/thumb/v7e-m+fp/hard/libc_nano.a(libc_a-mprec.o)
                0x08011734                __d2b
 .text.__ratio  0x080117e4       0x64 /Applications/STM32CubeIDE.app/Contents/Eclipse/plugins/com.st.stm32cube.ide.mcu.externaltools.gnu-tools-for-stm32.14.3.rel1.macos64_1.0.100.202602081740/tools/bin/../lib/gcc/arm-none-eabi/14.3.1/../../../../arm-none-eabi/lib/thumb/v7e-m+fp/hard/libc_nano.a(libc_a-mprec.o)