../Core/Src/sensors/gps.c:61:13:gps_rx_push	24	static
../Core/Src/sensors/gps.c:84:13:gps_rx_pop	16	static
../Core/Src/sensors/gps.c:109:14:gps_nmea_to_decimal	32	static
../Core/Src/sensors/gps.c:140:13:gps_parse_gga	56	static
../Core/Src/sensors/gps.c:216:13:gps_parse_rmc	24	static
../Core/Src/sensors/gps.c:257:14:GPS_Init	24	static
../Core/Src/sensors/gps.c:284:6:GPS_UARTCallback	16	static
../Core/Src/sensors/gps.c:304:6:GPS_Process	16	static
../Core/Src/sensors/gps.c:348:12:GPS_GetData	24	static
../Core/Src/sensors/gps.c:359:6:GPS_DataValid	4	static
../Core/Src/sensors/gps.c:372:6:GPS_RestartReceive	8	static
